Archive member included to satisfy reference by file (symbol)

c:/nxp/mcuxpressoide_11.6.0_8187/ide/plugins/com.nxp.mcuxpresso.tools.win32_11.6.0.202112161359/tools/bin/../lib/gcc/arm-none-eabi/10.3.1/thumb/v7e-m+fp/hard\libgcc.a(_aeabi_uldivmod.o)
                              ./drivers/fsl_clock.o (__aeabi_uldivmod)
c:/nxp/mcuxpressoide_11.6.0_8187/ide/plugins/com.nxp.mcuxpresso.tools.win32_11.6.0.202112161359/tools/bin/../lib/gcc/arm-none-eabi/10.3.1/thumb/v7e-m+fp/hard\libgcc.a(_udivmoddi4.o)
                              c:/nxp/mcuxpressoide_11.6.0_8187/ide/plugins/com.nxp.mcuxpresso.tools.win32_11.6.0.202112161359/tools/bin/../lib/gcc/arm-none-eabi/10.3.1/thumb/v7e-m+fp/hard\libgcc.a(_aeabi_uldivmod.o) (__udivmoddi4)
c:/nxp/mcuxpressoide_11.6.0_8187/ide/plugins/com.nxp.mcuxpresso.tools.win32_11.6.0.202112161359/tools/bin/../lib/gcc/arm-none-eabi/10.3.1/thumb/v7e-m+fp/hard\libgcc.a(_dvmd_tls.o)
                              c:/nxp/mcuxpressoide_11.6.0_8187/ide/plugins/com.nxp.mcuxpresso.tools.win32_11.6.0.202112161359/tools/bin/../lib/gcc/arm-none-eabi/10.3.1/thumb/v7e-m+fp/hard\libgcc.a(_aeabi_uldivmod.o) (__aeabi_ldiv0)
c:/nxp/mcuxpressoide_11.6.0_8187/ide/plugins/com.nxp.mcuxpresso.tools.win32_11.6.0.202112161359/tools/bin/../lib/gcc/arm-none-eabi/10.3.1/../../../../arm-none-eabi/lib/thumb/v7e-m+fp/hard\libc_nano.a(lib_a-errno.o)
                              ./utilities/fsl_str.o (__errno)
c:/nxp/mcuxpressoide_11.6.0_8187/ide/plugins/com.nxp.mcuxpresso.tools.win32_11.6.0.202112161359/tools/bin/../lib/gcc/arm-none-eabi/10.3.1/../../../../arm-none-eabi/lib/thumb/v7e-m+fp/hard\libc_nano.a(lib_a-impure.o)
                              c:/nxp/mcuxpressoide_11.6.0_8187/ide/plugins/com.nxp.mcuxpresso.tools.win32_11.6.0.202112161359/tools/bin/../lib/gcc/arm-none-eabi/10.3.1/../../../../arm-none-eabi/lib/thumb/v7e-m+fp/hard\libc_nano.a(lib_a-errno.o) (_impure_ptr)
c:/nxp/mcuxpressoide_11.6.0_8187/ide/plugins/com.nxp.mcuxpresso.tools.win32_11.6.0.202112161359/tools/bin/../lib/gcc/arm-none-eabi/10.3.1/../../../../arm-none-eabi/lib/thumb/v7e-m+fp/hard\libc_nano.a(lib_a-init.o)
                              ./startup/startup_mimxrt1052.o (__libc_init_array)
c:/nxp/mcuxpressoide_11.6.0_8187/ide/plugins/com.nxp.mcuxpresso.tools.win32_11.6.0.202112161359/tools/bin/../lib/gcc/arm-none-eabi/10.3.1/../../../../arm-none-eabi/lib/thumb/v7e-m+fp/hard\libc_nano.a(lib_a-malloc.o)
                              ./source/cpp_config.o (malloc)
c:/nxp/mcuxpressoide_11.6.0_8187/ide/plugins/com.nxp.mcuxpresso.tools.win32_11.6.0.202112161359/tools/bin/../lib/gcc/arm-none-eabi/10.3.1/../../../../arm-none-eabi/lib/thumb/v7e-m+fp/hard\libc_nano.a(lib_a-memcpy-stub.o)
                              ./utilities/fsl_str.o (memcpy)
c:/nxp/mcuxpressoide_11.6.0_8187/ide/plugins/com.nxp.mcuxpresso.tools.win32_11.6.0.202112161359/tools/bin/../lib/gcc/arm-none-eabi/10.3.1/../../../../arm-none-eabi/lib/thumb/v7e-m+fp/hard\libc_nano.a(lib_a-memset.o)
                              ./utilities/fsl_debug_console.o (memset)
c:/nxp/mcuxpressoide_11.6.0_8187/ide/plugins/com.nxp.mcuxpresso.tools.win32_11.6.0.202112161359/tools/bin/../lib/gcc/arm-none-eabi/10.3.1/../../../../arm-none-eabi/lib/thumb/v7e-m+fp/hard\libc_nano.a(lib_a-nano-freer.o)
                              c:/nxp/mcuxpressoide_11.6.0_8187/ide/plugins/com.nxp.mcuxpresso.tools.win32_11.6.0.202112161359/tools/bin/../lib/gcc/arm-none-eabi/10.3.1/../../../../arm-none-eabi/lib/thumb/v7e-m+fp/hard\libc_nano.a(lib_a-malloc.o) (_free_r)
c:/nxp/mcuxpressoide_11.6.0_8187/ide/plugins/com.nxp.mcuxpresso.tools.win32_11.6.0.202112161359/tools/bin/../lib/gcc/arm-none-eabi/10.3.1/../../../../arm-none-eabi/lib/thumb/v7e-m+fp/hard\libc_nano.a(lib_a-nano-mallocr.o)
                              c:/nxp/mcuxpressoide_11.6.0_8187/ide/plugins/com.nxp.mcuxpresso.tools.win32_11.6.0.202112161359/tools/bin/../lib/gcc/arm-none-eabi/10.3.1/../../../../arm-none-eabi/lib/thumb/v7e-m+fp/hard\libc_nano.a(lib_a-malloc.o) (_malloc_r)
c:/nxp/mcuxpressoide_11.6.0_8187/ide/plugins/com.nxp.mcuxpresso.tools.win32_11.6.0.202112161359/tools/bin/../lib/gcc/arm-none-eabi/10.3.1/../../../../arm-none-eabi/lib/thumb/v7e-m+fp/hard\libc_nano.a(lib_a-sbrkr.o)
                              c:/nxp/mcuxpressoide_11.6.0_8187/ide/plugins/com.nxp.mcuxpresso.tools.win32_11.6.0.202112161359/tools/bin/../lib/gcc/arm-none-eabi/10.3.1/../../../../arm-none-eabi/lib/thumb/v7e-m+fp/hard\libc_nano.a(lib_a-nano-mallocr.o) (_sbrk_r)
c:/nxp/mcuxpressoide_11.6.0_8187/ide/plugins/com.nxp.mcuxpresso.tools.win32_11.6.0.202112161359/tools/bin/../lib/gcc/arm-none-eabi/10.3.1/../../../../arm-none-eabi/lib/thumb/v7e-m+fp/hard\libc_nano.a(lib_a-strlen.o)
                              ./utilities/fsl_str.o (strlen)
c:/nxp/mcuxpressoide_11.6.0_8187/ide/plugins/com.nxp.mcuxpresso.tools.win32_11.6.0.202112161359/tools/bin/../lib/gcc/arm-none-eabi/10.3.1/../../../../arm-none-eabi/lib/thumb/v7e-m+fp/hard\libc_nano.a(lib_a-strtoul.o)
[...]
Memory Configuration

Name             Origin             Length             Attributes
BOARD_FLASH      0x60000000         0x00400000         xr
SRAM_DTC         0x20000000         0x00020000         xrw
SRAM_ITC         0x00000000         0x00020000         xrw
SRAM_OC          0x20200000         0x00040000         xrw
*default*        0x00000000         0xffffffff

Linker script and memory map

LOAD ./xip/fsl_flexspi_nor_boot.o
LOAD ./xip/mimxrt1050_flexspi_nor_config.o
LOAD ./utilities/fsl_assert.o
LOAD ./utilities/fsl_debug_console.o
LOAD ./utilities/fsl_str.o
LOAD ./startup/startup_mimxrt1052.o
LOAD ./source/cpp_config.o
LOAD ./source/iMX_RT1052_QSPI_Flash.o
LOAD ./source/semihost_hardfault.o
LOAD ./drivers/fsl_clock.o
LOAD ./drivers/fsl_common.o
LOAD ./drivers/fsl_common_arm.o
LOAD ./drivers/fsl_gpio.o
LOAD ./drivers/fsl_lpuart.o
LOAD ./device/system_MIMXRT1052.o
LOAD ./component/uart/fsl_adapter_lpuart.o
LOAD ./component/serial_manager/fsl_component_serial_manager.o
LOAD ./component/serial_manager/fsl_component_serial_port_uart.o
LOAD ./component/lists/fsl_component_generic_list.o
LOAD ./board/board.o
LOAD ./board/clock_config.o
LOAD ./board/peripherals.o
LOAD ./board/pin_mux.o
START GROUP
LOAD c:/nxp/mcuxpressoide_11.6.0_8187/ide/plugins/com.nxp.mcuxpresso.tools.win32_11.6.0.202112161359/tools/bin/../lib/gcc/arm-none-eabi/10.3.1/thumb/v7e-m+fp/hard\libgcc.a
LOAD c:/nxp/mcuxpressoide_11.6.0_8187/ide/plugins/com.nxp.mcuxpresso.tools.win32_11.6.0.202112161359/tools/bin/../lib/gcc/arm-none-eabi/10.3.1/../../../../arm-none-eabi/lib/thumb/v7e-m+fp/hard\libc_nano.a
LOAD c:/nxp/mcuxpressoide_11.6.0_8187/ide/plugins/com.nxp.mcuxpresso.tools.win32_11.6.0.202112161359/tools/bin/../lib/gcc/arm-none-eabi/10.3.1/../../../../arm-none-eabi/lib/thumb/v7e-m+fp/hard\libstdc++_nano.a
LOAD c:/nxp/mcuxpressoide_11.6.0_8187/ide/plugins/com.nxp.mcuxpresso.tools.win32_11.6.0.202112161359/tools/bin/../lib/gcc/arm-none-eabi/10.3.1/../../../../arm-none-eabi/lib/thumb/v7e-m+fp/hard\libm.a
LOAD c:/nxp/mcuxpressoide_11.6.0_8187/ide/plugins/com.nxp.mcuxpresso.tools.win32_11.6.0.202112161359/tools/bin/../lib/gcc/arm-none-eabi/10.3.1/../../../../arm-none-eabi/lib/thumb/v7e-m+fp/hard\libcr_newlib_nohost.a
LOAD c:/nxp/mcuxpressoide_11.6.0_8187/ide/plugins/com.nxp.mcuxpresso.tools.win32_11.6.0.202112161359/tools/bin/../lib/gcc/arm-none-eabi/10.3.1/thumb/v7e-m+fp/hard\crti.o
LOAD c:/nxp/mcuxpressoide_11.6.0_8187/ide/plugins/com.nxp.mcuxpresso.tools.win32_11.6.0.202112161359/tools/bin/../lib/gcc/arm-none-eabi/10.3.1/thumb/v7e-m+fp/hard\crtn.o
LOAD c:/nxp/mcuxpressoide_11.6.0_8187/ide/plugins/com.nxp.mcuxpresso.tools.win32_11.6.0.202112161359/tools/bin/../lib/gcc/arm-none-eabi/10.3.1/thumb/v7e-m+fp/hard\crtbegin.o
LOAD c:/nxp/mcuxpressoide_11.6.0_8187/ide/plugins/com.nxp.mcuxpresso.tools.win32_11.6.0.202112161359/tools/bin/../lib/gcc/arm-none-eabi/10.3.1/thumb/v7e-m+fp/hard\crtend.o
END GROUP
                0x60000000                __base_BOARD_FLASH = 0x60000000
                0x60000000                __base_Flash = 0x60000000
                0x60400000                __top_BOARD_FLASH = 0x60400000
                0x60400000                __top_Flash = 0x60400000
                0x20000000                __base_SRAM_DTC = 0x20000000
                0x20000000                __base_RAM = 0x20000000
                0x20020000                __top_SRAM_DTC = 0x20020000
                0x20020000                __top_RAM = 0x20020000
                0x00000000                __base_SRAM_ITC = 0x0
                0x00000000                __base_RAM2 = 0x0
                0x00020000                __top_SRAM_ITC = 0x20000
                0x00020000                __top_RAM2 = 0x20000
                0x20200000                __base_SRAM_OC = 0x20200000
                0x20200000                __base_RAM3 = 0x20200000
                0x20240000                __top_SRAM_OC = 0x20240000
                0x20240000                __top_RAM3 = 0x20240000

.boot_hdr       0x60000000     0x2000
 FILL mask 0xff
                0x60000000                __boot_hdr_start__ = ABSOLUTE (.)
 *(SORT_BY_ALIGNMENT(.boot_hdr.conf))
 .boot_hdr.conf
                0x60000000      0x200 ./xip/mimxrt1050_flexspi_nor_config.o
                0x60000000                qspiflash_config
                0x00001000                . = 0x1000
 *fill*         0x60000200      0xe00 ff
 *(SORT_BY_ALIGNMENT(.boot_hdr.ivt))
 .boot_hdr.ivt  0x60001000       0x20 ./xip/fsl_flexspi_nor_boot.o
                0x60001000                image_vector_table
                0x00001020                . = 0x1020
 *(SORT_BY_ALIGNMENT(.boot_hdr.boot_data))
 .boot_hdr.boot_data
                0x60001020       0x10 ./xip/fsl_flexspi_nor_boot.o
                0x60001020                g_boot_data
                0x00001030                . = 0x1030
 *(SORT_BY_ALIGNMENT(.boot_hdr.dcd_data))
                0x60001030                __boot_hdr_end__ = ABSOLUTE (.)
                0x00002000                . = 0x2000
 *fill*         0x60001030      0xfd0 ff

.eh_frame       0x60002000        0x0
 .eh_frame      0x60002000        0x0 c:/nxp/mcuxpressoide_11.6.0_8187/ide/plugins/com.nxp.mcuxpresso.tools.win32_11.6.0.202112161359/tools/bin/../lib/gcc/arm-none-eabi/10.3.1/thumb/v7e-m+fp/hard\crtbegin.o

.text           0x60002000     0x3c08
 FILL mask 0xff
                0x60002000                __vectors_start__ = ABSOLUTE (.)
 *(SORT_BY_ALIGNMENT(.isr_vector))
 .isr_vector    0x60002000      0x2a0 ./startup/startup_mimxrt1052.o
                0x60002000                g_pfnVectors
                0x60002000                __Vectors
                0x600022a0                . = ALIGN (0x4)
                0x600022a0                __section_table_start = .
                0x600022a0                __data_section_table = .
                0x600022a0        0x4 LONG 0x60005c08 LOADADDR (.data)
                0x600022a4        0x4 LONG 0x20000000 ADDR (.data)
                0x600022a8        0x4 LONG 0x4 SIZEOF (.data)
                0x600022ac        0x4 LONG 0x60005c08 LOADADDR (.data_RAM2)
                0x600022b0        0x4 LONG 0x0 ADDR (.data_RAM2)
                0x600022b4        0x4 LONG 0x0 SIZEOF (.data_RAM2)
                0x600022b8        0x4 LONG 0x60005c08 LOADADDR (.data_RAM3)
                0x600022bc        0x4 LONG 0x20200000 ADDR (.data_RAM3)
                0x600022c0        0x4 LONG 0x0 SIZEOF (.data_RAM3)
                0x600022c4                __data_section_table_end = .
                0x600022c4                __bss_section_table = .
                0x600022c4        0x4 LONG 0x20000004 ADDR (.bss)
                0x600022c8        0x4 LONG 0x74 SIZEOF (.bss)
                0x600022cc        0x4 LONG 0x0 ADDR (.bss_RAM2)
                0x600022d0        0x4 LONG 0x0 SIZEOF (.bss_RAM2)
                0x600022d4        0x4 LONG 0x20200000 ADDR (.bss_RAM3)
                0x600022d8        0x4 LONG 0x0 SIZEOF (.bss_RAM3)
                0x600022dc                __bss_section_table_end = .
                0x600022dc                __section_table_end = .
 *(SORT_BY_ALIGNMENT(.after_vectors*))
 .after_vectors.reset
                0x600022dc       0x58 ./startup/startup_mimxrt1052.o
                0x600022dc                ResetISR
 .after_vectors.init_data
                0x60002334       0x1e ./startup/startup_mimxrt1052.o
                0x60002334                data_init(unsigned int, unsigned int, unsigned int)
 .after_vectors.init_bss
                0x60002352       0x12 ./startup/startup_mimxrt1052.o
                0x60002352                bss_init(unsigned int, unsigned int)
 .after_vectors
                0x60002364       0x14 ./startup/startup_mimxrt1052.o
                0x60002364                NMI_Handler
                0x60002368                MemManage_Handler
                0x6000236a                BusFault_Handler
                0x6000236c                UsageFault_Handler
                0x6000236e                SVC_Handler
                0x60002370                DebugMon_Handler
                0x60002372                PendSV_Handler
                0x60002374                SysTick_Handler
                0x60002376                PIT_DriverIRQHandler
                0x60002376                PMU_EVENT_DriverIRQHandler
                0x60002376                PWM4_FAULT_DriverIRQHandler
                0x60002376                DMA13_DMA29_DriverIRQHandler
                0x60002376                SAI3_RX_DriverIRQHandler
                0x60002376                LPSPI4_DriverIRQHandler
                0x60002376                SEMC_DriverIRQHandler
                0x60002376                SPDIF_DriverIRQHandler
                0x60002376                CCM_2_DriverIRQHandler
                0x60002376                PWM4_3_DriverIRQHandler
                0x60002376                FLEXRAM_DriverIRQHandler
                0x60002376                LCDIF_DriverIRQHandler
                0x60002376                USB_PHY1_DriverIRQHandler
                0x60002376                GPIO3_Combined_0_15_DriverIRQHandler
                0x60002376                DMA7_DMA23_DriverIRQHandler
                0x60002376                BEE_DriverIRQHandler
                0x60002376                LPI2C3_DriverIRQHandler
                0x60002376                GPR_IRQ_DriverIRQHandler
                0x60002376                PWM2_FAULT_DriverIRQHandler
                0x60002376                PWM3_1_DriverIRQHandler
                0x60002376                DMA14_DMA30_DriverIRQHandler
                0x60002376                TMR1_DriverIRQHandler
                0x60002376                TRNG_DriverIRQHandler
                0x60002376                PWM3_2_DriverIRQHandler
                0x60002376                ENET_1588_Timer_DriverIRQHandler
                0x60002376                FLEXIO2_DriverIRQHandler
                0x60002376                GPIO2_Combined_16_31_DriverIRQHandler
                0x60002376                Reserved143_DriverIRQHandler
                0x60002376                LPSPI2_DriverIRQHandler
                0x60002376                PWM4_1_DriverIRQHandler
                0x60002376                PWM3_3_DriverIRQHandler
                0x60002376                DMA0_DMA16_DriverIRQHandler
                0x60002376                IntDefaultHandler
                0x60002376                DMA2_DMA18_DriverIRQHandler
                0x60002376                SRC_DriverIRQHandler
                0x60002376                GPIO1_INT4_DriverIRQHandler
                0x60002376                Reserved144_DriverIRQHandler
                0x60002376                USDHC1_DriverIRQHandler
                0x60002376                ENC3_DriverIRQHandler
                0x60002376                PWM3_FAULT_DriverIRQHandler
                0x60002376                EWM_DriverIRQHandler
                0x60002376                TSC_DIG_DriverIRQHandler
                0x60002376                KPP_DriverIRQHandler
                0x60002376                FLEXIO1_DriverIRQHandler
                0x60002376                ENET_DriverIRQHandler
                0x60002376                Reserved78_DriverIRQHandler
                0x60002376                TMR4_DriverIRQHandler
                0x60002376                ENC2_DriverIRQHandler
                0x60002376                ADC_ETC_IRQ2_DriverIRQHandler
                0x60002376                GPIO1_Combined_16_31_DriverIRQHandler
                0x60002376                GPIO1_INT7_DriverIRQHandler
                0x60002376                SAI1_DriverIRQHandler
                0x60002376                DCDC_DriverIRQHandler
                0x60002376                DMA12_DMA28_DriverIRQHandler
                0x60002376                PWM4_0_DriverIRQHandler
                0x60002376                ADC_ETC_ERROR_IRQ_DriverIRQHandler
                0x60002376                ACMP2_DriverIRQHandler
                0x60002376                GPIO5_Combined_0_15_DriverIRQHandler
                0x60002376                GPIO1_INT0_DriverIRQHandler
                0x60002376                GPIO1_INT2_DriverIRQHandler
                0x60002376                RTWDOG_DriverIRQHandler
                0x60002376                FLEXSPI_DriverIRQHandler
                0x60002376                GPT2_DriverIRQHandler
                0x60002376                USB_PHY2_DriverIRQHandler
                0x60002376                DMA10_DMA26_DriverIRQHandler
                0x60002376                PWM2_1_DriverIRQHandler
                0x60002376                PWM1_1_DriverIRQHandler
                0x60002376                PXP_DriverIRQHandler
                0x60002376                ADC1_DriverIRQHandler
                0x60002376                PWM1_0_DriverIRQHandler
                0x60002376                SJC_DriverIRQHandler
                0x60002376                DMA1_DMA17_DriverIRQHandler
                0x60002376                ENC1_DriverIRQHandler
                0x60002376                ENC4_DriverIRQHandler
                0x60002376                CAN2_DriverIRQHandler
                0x60002376                DCP_DriverIRQHandler
                0x60002376                CTI0_ERROR_DriverIRQHandler
                0x60002376                DMA8_DMA24_DriverIRQHandler
                0x60002376                GPT1_DriverIRQHandler
                0x60002376                ACMP3_DriverIRQHandler
                0x60002376                DMA6_DMA22_DriverIRQHandler
                0x60002376                CSU_DriverIRQHandler
                0x60002376                GPIO1_INT5_DriverIRQHandler
                0x60002376                TMR3_DriverIRQHandler
                0x60002376                TMR2_DriverIRQHandler
                0x60002376                CTI1_ERROR_DriverIRQHandler
                0x60002376                GPIO1_Combined_0_15_DriverIRQHandler
                0x60002376                USDHC2_DriverIRQHandler
                0x60002376                PWM4_2_DriverIRQHandler
                0x60002376                Reserved87_DriverIRQHandler
                0x60002376                SAI2_DriverIRQHandler
                0x60002376                CORE_DriverIRQHandler
                0x60002376                WDOG1_DriverIRQHandler
                0x60002376                DMA11_DMA27_DriverIRQHandler
                0x60002376                CSI_DriverIRQHandler
                0x60002376                PWM2_3_DriverIRQHandler
                0x60002376                XBAR1_IRQ_2_3_DriverIRQHandler
                0x60002376                SNVS_HP_WRAPPER_TZ_DriverIRQHandler
                0x60002376                GPIO3_Combined_16_31_DriverIRQHandler
                0x60002376                PWM1_FAULT_DriverIRQHandler
                0x60002376                LPI2C1_DriverIRQHandler
                0x60002376                PWM2_2_DriverIRQHandler
                0x60002376                DMA4_DMA20_DriverIRQHandler
                0x60002376                DMA9_DMA25_DriverIRQHandler
                0x60002376                SNVS_HP_WRAPPER_DriverIRQHandler
                0x60002376                XBAR1_IRQ_0_1_DriverIRQHandler
                0x60002376                ADC_ETC_IRQ1_DriverIRQHandler
                0x60002376                LPSPI1_DriverIRQHandler
                0x60002376                DMA3_DMA19_DriverIRQHandler
                0x60002376                GPIO1_INT3_DriverIRQHandler
                0x60002376                DCP_VMI_DriverIRQHandler
                0x60002376                LPI2C4_DriverIRQHandler
                0x60002376                GPC_DriverIRQHandler
                0x60002376                Reserved123_DriverIRQHandler
                0x60002376                GPIO2_Combined_0_15_DriverIRQHandler
                0x60002376                PWM1_2_DriverIRQHandler
                0x60002376                USB_OTG1_DriverIRQHandler
                0x60002376                TEMP_LOW_HIGH_DriverIRQHandler
                0x60002376                SAI3_TX_DriverIRQHandler
                0x60002376                WDOG2_DriverIRQHandler
                0x60002376                Reserved68_DriverIRQHandler
                0x60002376                PWM3_0_DriverIRQHandler
                0x60002376                GPIO4_Combined_0_15_DriverIRQHandler
                0x60002376                GPIO4_Combined_16_31_DriverIRQHandler
                0x60002376                GPIO5_Combined_16_31_DriverIRQHandler
                0x60002376                DMA5_DMA21_DriverIRQHandler
                0x60002376                CCM_1_DriverIRQHandler
                0x60002376                ADC2_DriverIRQHandler
                0x60002376                Reserved115_DriverIRQHandler
                0x60002376                TEMP_PANIC_DriverIRQHandler
                0x60002376                ACMP4_DriverIRQHandler
                0x60002376                DMA15_DMA31_DriverIRQHandler
                0x60002376                LPSPI3_DriverIRQHandler
                0x60002376                PWM1_3_DriverIRQHandler
                0x60002376                ACMP1_DriverIRQHandler
                0x60002376                LPI2C2_DriverIRQHandler
                0x60002376                Reserved86_DriverIRQHandler
                0x60002376                DMA_ERROR_DriverIRQHandler
                0x60002376                ADC_ETC_IRQ0_DriverIRQHandler
                0x60002376                CAN1_DriverIRQHandler
                0x60002376                GPIO1_INT6_DriverIRQHandler
                0x60002376                GPIO1_INT1_DriverIRQHandler
                0x60002376                PWM2_0_DriverIRQHandler
                0x60002376                SNVS_LP_WRAPPER_DriverIRQHandler
                0x60002376                USB_OTG2_DriverIRQHandler
 *(SORT_BY_ALIGNMENT(.text*))
 .text.__assert_func
                0x60002378       0x28 ./utilities/fsl_assert.o
                0x60002378                __assert_func
 .text.DbgConsole_SendDataReliable
                0x600023a0       0x54 ./utilities/fsl_debug_console.o
                0x600023a0                DbgConsole_SendDataReliable
 .text.DbgConsole_Init
                0x600023f4      0x128 ./utilities/fsl_debug_console.o
                0x600023f4                DbgConsole_Init
 .text.DbgConsole_Vprintf
                0x6000251c       0x6c ./utilities/fsl_debug_console.o
                0x6000251c                DbgConsole_Vprintf
 .text.main     0x60002588       0x34 ./source/iMX_RT1052_QSPI_Flash.o
                0x60002588                main
 .text.CLOCK_GetOscFreq
                0x600025bc       0x30 ./drivers/fsl_clock.o
 .text.CLOCK_InitExternalClk
                0x600025ec       0x78 ./drivers/fsl_clock.o
                0x600025ec                CLOCK_InitExternalClk
 .text.CLOCK_SwitchOsc
                0x60002664       0x34 ./drivers/fsl_clock.o
                0x60002664                CLOCK_SwitchOsc
 .text.CLOCK_InitRcOsc24M
                0x60002698       0x24 ./drivers/fsl_clock.o
                0x60002698                CLOCK_InitRcOsc24M
 .text.CLOCK_InitArmPll
                0x600026bc       0x68 ./drivers/fsl_clock.o
                0x600026bc                CLOCK_InitArmPll
 .text.CLOCK_InitSysPll
                0x60002724       0x9c ./drivers/fsl_clock.o
                0x60002724                CLOCK_InitSysPll
 .text.CLOCK_DeinitUsb2Pll
                0x600027c0       0x18 ./drivers/fsl_clock.o
                0x600027c0                CLOCK_DeinitUsb2Pll
 .text.CLOCK_DeinitAudioPll
                0x600027d8       0x1c ./drivers/fsl_clock.o
                0x600027d8                CLOCK_DeinitAudioPll
 .text.CLOCK_DeinitVideoPll
                0x600027f4       0x1c ./drivers/fsl_clock.o
                0x600027f4                CLOCK_DeinitVideoPll
 .text.CLOCK_InitEnetPll
                0x60002810       0x94 ./drivers/fsl_clock.o
                0x60002810                CLOCK_InitEnetPll
 .text.CLOCK_GetPllFreq
                0x600028a4      0x42c ./drivers/fsl_clock.o
                0x600028a4                CLOCK_GetPllFreq
 .text.CLOCK_InitSysPfd
                0x60002cd0       0x64 ./drivers/fsl_clock.o
                0x60002cd0                CLOCK_InitSysPfd
 .text.CLOCK_ControlGate
                0x60002d34       0x70 ./drivers/fsl_lpuart.o
 .text.LPUART_GetInstance
                0x60002da4       0x58 ./drivers/fsl_lpuart.o
                0x60002da4                LPUART_GetInstance
 .text.LPUART_Init
                0x60002dfc      0x330 ./drivers/fsl_lpuart.o
                0x60002dfc                LPUART_Init
 .text.LPUART_GetDefaultConfig
                0x6000312c       0x98 ./drivers/fsl_lpuart.o
                0x6000312c                LPUART_GetDefaultConfig
 .text.LPUART_WriteBlocking
                0x600031c4       0x78 ./drivers/fsl_lpuart.o
                0x600031c4                LPUART_WriteBlocking
 .text.LPUART1_DriverIRQHandler
                0x6000323c       0x28 ./drivers/fsl_lpuart.o
                0x6000323c                LPUART1_DriverIRQHandler
 .text.LPUART2_DriverIRQHandler
                0x60003264       0x28 ./drivers/fsl_lpuart.o
                0x60003264                LPUART2_DriverIRQHandler
 .text.LPUART3_DriverIRQHandler
                0x6000328c       0x28 ./drivers/fsl_lpuart.o
                0x6000328c                LPUART3_DriverIRQHandler
 .text.LPUART4_DriverIRQHandler
                0x600032b4       0x28 ./drivers/fsl_lpuart.o
                0x600032b4                LPUART4_DriverIRQHandler
 .text.LPUART5_DriverIRQHandler
                0x600032dc       0x28 ./drivers/fsl_lpuart.o
                0x600032dc                LPUART5_DriverIRQHandler
 .text.LPUART6_DriverIRQHandler
                0x60003304       0x28 ./drivers/fsl_lpuart.o
                0x60003304                LPUART6_DriverIRQHandler
 .text.LPUART7_DriverIRQHandler
                0x6000332c       0x28 ./drivers/fsl_lpuart.o
                0x6000332c                LPUART7_DriverIRQHandler
 .text.LPUART8_DriverIRQHandler
                0x60003354       0x28 ./drivers/fsl_lpuart.o
                0x60003354                LPUART8_DriverIRQHandler
 .text.SystemInit
                0x6000337c      0x144 ./device/system_MIMXRT1052.o
                0x6000337c                SystemInit
 .text.HAL_UartInitCommon
                0x600034c0       0xac ./component/uart/fsl_adapter_lpuart.o
 .text.HAL_UartInit
                0x6000356c       0xac ./component/uart/fsl_adapter_lpuart.o
                0x6000356c                HAL_UartInit
 .text.HAL_UartSendBlocking
                0x60003618       0x84 ./component/uart/fsl_adapter_lpuart.o
                0x60003618                HAL_UartSendBlocking
 .text.ARM_MPU_Enable
                0x6000369c       0x44 ./board/board.o
 .text.ARM_MPU_Disable
                0x600036e0       0x40 ./board/board.o
 .text.CLOCK_GetMux
                0x60003720       0x44 ./board/board.o
 .text.CLOCK_GetDiv
                0x60003764       0x44 ./board/board.o
 .text.CLOCK_GetOscFreq
                0x600037a8       0x30 ./board/board.o
 .text.BOARD_DebugConsoleSrcFreq
                0x600037d8       0x64 ./board/board.o
                0x600037d8                BOARD_DebugConsoleSrcFreq
 .text.BOARD_ConfigMPU
                0x6000383c      0x280 ./board/board.o
                0x6000383c                BOARD_ConfigMPU
 .text.CLOCK_SetMux
                0x60003abc       0xac ./board/clock_config.o
 .text.CLOCK_SetDiv
                0x60003b68       0xac ./board/clock_config.o
 .text.CLOCK_ControlGate
                0x60003c14       0x70 ./board/clock_config.o
 .text.CLOCK_SetXtalFreq
                0x60003c84       0x20 ./board/clock_config.o
 .text.IOMUXC_EnableMode
                0x60003ca4       0x48 ./board/clock_config.o
 .text.IOMUXC_MQSConfig
                0x60003cec       0x44 ./board/clock_config.o
 .text.BOARD_BootClockRUN
                0x60003d30      0x5dc ./board/clock_config.o
                0x60003d30                BOARD_BootClockRUN
 .text          0x6000430c       0x30 c:/nxp/mcuxpressoide_11.6.0_8187/ide/plugins/com.nxp.mcuxpresso.tools.win32_11.6.0.202112161359/tools/bin/../lib/gcc/arm-none-eabi/10.3.1/thumb/v7e-m+fp/hard\libgcc.a(_aeabi_uldivmod.o)
                0x6000430c                __aeabi_uldivmod
 .text          0x6000433c      0x2d0 c:/nxp/mcuxpressoide_11.6.0_8187/ide/plugins/com.nxp.mcuxpresso.tools.win32_11.6.0.202112161359/tools/bin/../lib/gcc/arm-none-eabi/10.3.1/thumb/v7e-m+fp/hard\libgcc.a(_udivmoddi4.o)
                0x6000433c                __udivmoddi4
 .text          0x6000460c        0x4 c:/nxp/mcuxpressoide_11.6.0_8187/ide/plugins/com.nxp.mcuxpresso.tools.win32_11.6.0.202112161359/tools/bin/../lib/gcc/arm-none-eabi/10.3.1/thumb/v7e-m+fp/hard\libgcc.a(_dvmd_tls.o)
                0x6000460c                __aeabi_idiv0
                0x6000460c                __aeabi_ldiv0
 .text.__libc_init_array
                0x60004610       0x48 c:/nxp/mcuxpressoide_11.6.0_8187/ide/plugins/com.nxp.mcuxpresso.tools.win32_11.6.0.202112161359/tools/bin/../lib/gcc/arm-none-eabi/10.3.1/../../../../arm-none-eabi/lib/thumb/v7e-m+fp/hard\libc_nano.a(lib_a-init.o)
                0x60004610                __libc_init_array
 .text          0x60004658       0x40 c:/nxp/mcuxpressoide_11.6.0_8187/ide/plugins/com.nxp.mcuxpresso.tools.win32_11.6.0.202112161359/tools/bin/../lib/gcc/arm-none-eabi/10.3.1/thumb/v7e-m+fp/hard\crtbegin.o
 .text.DbgConsole_PrintCallback
                0x60004698       0x66 ./utilities/fsl_debug_console.o
 .text.DbgConsole_Printf
                0x600046fe       0x2c ./utilities/fsl_debug_console.o
                0x600046fe                DbgConsole_Printf
 .text.PrintGetWidth
                0x6000472a       0x6a ./utilities/fsl_str.o
 .text.PrintGetPrecision
                0x60004794       0x8c ./utilities/fsl_str.o
 .text.PrintIsobpu
                0x60004820       0x38 ./utilities/fsl_str.o
 .text.PrintIsdi
                0x60004858       0x2c ./utilities/fsl_str.o
 .text.PrintOutputdifFobpu
                0x60004884       0x44 ./utilities/fsl_str.o
 .text.PrintOutputxX
                0x600048c8       0x44 ./utilities/fsl_str.o
 .text.PrintIsfF
                0x6000490c       0x2c ./utilities/fsl_str.o
 .text.PrintIsxX
                0x60004938       0x2c ./utilities/fsl_str.o
 .text.PrintFilterLengthFlag
                0x60004964       0x3e ./utilities/fsl_str.o
 .text.PrintGetRadixFromobpu
                0x600049a2       0x40 ./utilities/fsl_str.o
 .text.ConvertRadixNumToString
                0x600049e2       0xc2 ./utilities/fsl_str.o
 .text.StrFormatPrintf
                0x60004aa4      0x2ac ./utilities/fsl_str.o
                0x60004aa4                StrFormatPrintf
 .text.DMA0_DMA16_IRQHandler
                0x60004d50        0x8 ./startup/startup_mimxrt1052.o
                0x60004d50                DMA0_DMA16_IRQHandler
 .text.DMA1_DMA17_IRQHandler
                0x60004d58        0x8 ./startup/startup_mimxrt1052.o
                0x60004d58                DMA1_DMA17_IRQHandler
 .text.DMA2_DMA18_IRQHandler
                0x60004d60        0x8 ./startup/startup_mimxrt1052.o
                0x60004d60                DMA2_DMA18_IRQHandler
 .text.DMA3_DMA19_IRQHandler
                0x60004d68        0x8 ./startup/startup_mimxrt1052.o
                0x60004d68                DMA3_DMA19_IRQHandler
 .text.DMA4_DMA20_IRQHandler
                0x60004d70        0x8 ./startup/startup_mimxrt1052.o
                0x60004d70                DMA4_DMA20_IRQHandler
 .text.DMA5_DMA21_IRQHandler
                0x60004d78        0x8 ./startup/startup_mimxrt1052.o
                0x60004d78                DMA5_DMA21_IRQHandler
 .text.DMA6_DMA22_IRQHandler
                0x60004d80        0x8 ./startup/startup_mimxrt1052.o
                0x60004d80                DMA6_DMA22_IRQHandler
 .text.DMA7_DMA23_IRQHandler
                0x60004d88        0x8 ./startup/startup_mimxrt1052.o
                0x60004d88                DMA7_DMA23_IRQHandler
 .text.DMA8_DMA24_IRQHandler
                0x60004d90        0x8 ./startup/startup_mimxrt1052.o
                0x60004d90                DMA8_DMA24_IRQHandler
 .text.DMA9_DMA25_IRQHandler
                0x60004d98        0x8 ./startup/startup_mimxrt1052.o
                0x60004d98                DMA9_DMA25_IRQHandler
 .text.DMA10_DMA26_IRQHandler
                0x60004da0        0x8 ./startup/startup_mimxrt1052.o
                0x60004da0                DMA10_DMA26_IRQHandler
 .text.DMA11_DMA27_IRQHandler
                0x60004da8        0x8 ./startup/startup_mimxrt1052.o
                0x60004da8                DMA11_DMA27_IRQHandler
 .text.DMA12_DMA28_IRQHandler
                0x60004db0        0x8 ./startup/startup_mimxrt1052.o
                0x60004db0                DMA12_DMA28_IRQHandler
 .text.DMA13_DMA29_IRQHandler
                0x60004db8        0x8 ./startup/startup_mimxrt1052.o
                0x60004db8                DMA13_DMA29_IRQHandler
 .text.DMA14_DMA30_IRQHandler
                0x60004dc0        0x8 ./startup/startup_mimxrt1052.o
                0x60004dc0                DMA14_DMA30_IRQHandler
 .text.DMA15_DMA31_IRQHandler
                0x60004dc8        0x8 ./startup/startup_mimxrt1052.o
                0x60004dc8                DMA15_DMA31_IRQHandler
 .text.DMA_ERROR_IRQHandler
                0x60004dd0        0x8 ./startup/startup_mimxrt1052.o
                0x60004dd0                DMA_ERROR_IRQHandler
 .text.CTI0_ERROR_IRQHandler
                0x60004dd8        0x8 ./startup/startup_mimxrt1052.o
                0x60004dd8                CTI0_ERROR_IRQHandler
 .text.CTI1_ERROR_IRQHandler
                0x60004de0        0x8 ./startup/startup_mimxrt1052.o
                0x60004de0                CTI1_ERROR_IRQHandler
 .text.CORE_IRQHandler
                0x60004de8        0x8 ./startup/startup_mimxrt1052.o
                0x60004de8                CORE_IRQHandler
 .text.LPUART1_IRQHandler
                0x60004df0        0x8 ./startup/startup_mimxrt1052.o
                0x60004df0                LPUART1_IRQHandler
 .text.LPUART2_IRQHandler
                0x60004df8        0x8 ./startup/startup_mimxrt1052.o
                0x60004df8                LPUART2_IRQHandler
 .text.LPUART3_IRQHandler
                0x60004e00        0x8 ./startup/startup_mimxrt1052.o
                0x60004e00                LPUART3_IRQHandler
 .text.LPUART4_IRQHandler
                0x60004e08        0x8 ./startup/startup_mimxrt1052.o
                0x60004e08                LPUART4_IRQHandler
 .text.LPUART5_IRQHandler
                0x60004e10        0x8 ./startup/startup_mimxrt1052.o
                0x60004e10                LPUART5_IRQHandler
 .text.LPUART6_IRQHandler
                0x60004e18        0x8 ./startup/startup_mimxrt1052.o
                0x60004e18                LPUART6_IRQHandler
 .text.LPUART7_IRQHandler
                0x60004e20        0x8 ./startup/startup_mimxrt1052.o
                0x60004e20                LPUART7_IRQHandler
 .text.LPUART8_IRQHandler
                0x60004e28        0x8 ./startup/startup_mimxrt1052.o
                0x60004e28                LPUART8_IRQHandler
 .text.LPI2C1_IRQHandler
                0x60004e30        0x8 ./startup/startup_mimxrt1052.o
                0x60004e30                LPI2C1_IRQHandler
 .text.LPI2C2_IRQHandler
                0x60004e38        0x8 ./startup/startup_mimxrt1052.o
                0x60004e38                LPI2C2_IRQHandler
 .text.LPI2C3_IRQHandler
                0x60004e40        0x8 ./startup/startup_mimxrt1052.o
                0x60004e40                LPI2C3_IRQHandler
 .text.LPI2C4_IRQHandler
                0x60004e48        0x8 ./startup/startup_mimxrt1052.o
                0x60004e48                LPI2C4_IRQHandler
 .text.LPSPI1_IRQHandler
                0x60004e50        0x8 ./startup/startup_mimxrt1052.o
                0x60004e50                LPSPI1_IRQHandler
 .text.LPSPI2_IRQHandler
                0x60004e58        0x8 ./startup/startup_mimxrt1052.o
                0x60004e58                LPSPI2_IRQHandler
 .text.LPSPI3_IRQHandler
                0x60004e60        0x8 ./startup/startup_mimxrt1052.o
                0x60004e60                LPSPI3_IRQHandler
 .text.LPSPI4_IRQHandler
                0x60004e68        0x8 ./startup/startup_mimxrt1052.o
                0x60004e68                LPSPI4_IRQHandler
 .text.CAN1_IRQHandler
                0x60004e70        0x8 ./startup/startup_mimxrt1052.o
                0x60004e70                CAN1_IRQHandler
 .text.CAN2_IRQHandler
                0x60004e78        0x8 ./startup/startup_mimxrt1052.o
                0x60004e78                CAN2_IRQHandler
 .text.FLEXRAM_IRQHandler
                0x60004e80        0x8 ./startup/startup_mimxrt1052.o
                0x60004e80                FLEXRAM_IRQHandler
 .text.KPP_IRQHandler
                0x60004e88        0x8 ./startup/startup_mimxrt1052.o
                0x60004e88                KPP_IRQHandler
 .text.TSC_DIG_IRQHandler
                0x60004e90        0x8 ./startup/startup_mimxrt1052.o
                0x60004e90                TSC_DIG_IRQHandler
 .text.GPR_IRQ_IRQHandler
                0x60004e98        0x8 ./startup/startup_mimxrt1052.o
                0x60004e98                GPR_IRQ_IRQHandler
 .text.LCDIF_IRQHandler
                0x60004ea0        0x8 ./startup/startup_mimxrt1052.o
                0x60004ea0                LCDIF_IRQHandler
 .text.CSI_IRQHandler
                0x60004ea8        0x8 ./startup/startup_mimxrt1052.o
                0x60004ea8                CSI_IRQHandler
 .text.PXP_IRQHandler
                0x60004eb0        0x8 ./startup/startup_mimxrt1052.o
                0x60004eb0                PXP_IRQHandler
 .text.WDOG2_IRQHandler
                0x60004eb8        0x8 ./startup/startup_mimxrt1052.o
                0x60004eb8                WDOG2_IRQHandler
 .text.SNVS_HP_WRAPPER_IRQHandler
                0x60004ec0        0x8 ./startup/startup_mimxrt1052.o
                0x60004ec0                SNVS_HP_WRAPPER_IRQHandler
 .text.SNVS_HP_WRAPPER_TZ_IRQHandler
                0x60004ec8        0x8 ./startup/startup_mimxrt1052.o
                0x60004ec8                SNVS_HP_WRAPPER_TZ_IRQHandler
 .text.SNVS_LP_WRAPPER_IRQHandler
                0x60004ed0        0x8 ./startup/startup_mimxrt1052.o
                0x60004ed0                SNVS_LP_WRAPPER_IRQHandler
 .text.CSU_IRQHandler
                0x60004ed8        0x8 ./startup/startup_mimxrt1052.o
                0x60004ed8                CSU_IRQHandler
 .text.DCP_IRQHandler
                0x60004ee0        0x8 ./startup/startup_mimxrt1052.o
                0x60004ee0                DCP_IRQHandler
 .text.DCP_VMI_IRQHandler
                0x60004ee8        0x8 ./startup/startup_mimxrt1052.o
                0x60004ee8                DCP_VMI_IRQHandler
 .text.Reserved68_IRQHandler
                0x60004ef0        0x8 ./startup/startup_mimxrt1052.o
                0x60004ef0                Reserved68_IRQHandler
 .text.TRNG_IRQHandler
                0x60004ef8        0x8 ./startup/startup_mimxrt1052.o
                0x60004ef8                TRNG_IRQHandler
 .text.SJC_IRQHandler
                0x60004f00        0x8 ./startup/startup_mimxrt1052.o
                0x60004f00                SJC_IRQHandler
 .text.BEE_IRQHandler
                0x60004f08        0x8 ./startup/startup_mimxrt1052.o
                0x60004f08                BEE_IRQHandler
 .text.SAI1_IRQHandler
                0x60004f10        0x8 ./startup/startup_mimxrt1052.o
                0x60004f10                SAI1_IRQHandler
 .text.SAI2_IRQHandler
                0x60004f18        0x8 ./startup/startup_mimxrt1052.o
                0x60004f18                SAI2_IRQHandler
 .text.SAI3_RX_IRQHandler
                0x60004f20        0x8 ./startup/startup_mimxrt1052.o
                0x60004f20                SAI3_RX_IRQHandler
 .text.SAI3_TX_IRQHandler
                0x60004f28        0x8 ./startup/startup_mimxrt1052.o
                0x60004f28                SAI3_TX_IRQHandler
 .text.SPDIF_IRQHandler
                0x60004f30        0x8 ./startup/startup_mimxrt1052.o
                0x60004f30                SPDIF_IRQHandler
 .text.PMU_EVENT_IRQHandler
                0x60004f38        0x8 ./startup/startup_mimxrt1052.o
                0x60004f38                PMU_EVENT_IRQHandler
 .text.Reserved78_IRQHandler
                0x60004f40        0x8 ./startup/startup_mimxrt1052.o
                0x60004f40                Reserved78_IRQHandler
 .text.TEMP_LOW_HIGH_IRQHandler
                0x60004f48        0x8 ./startup/startup_mimxrt1052.o
                0x60004f48                TEMP_LOW_HIGH_IRQHandler
 .text.TEMP_PANIC_IRQHandler
                0x60004f50        0x8 ./startup/startup_mimxrt1052.o
                0x60004f50                TEMP_PANIC_IRQHandler
 .text.USB_PHY1_IRQHandler
                0x60004f58        0x8 ./startup/startup_mimxrt1052.o
                0x60004f58                USB_PHY1_IRQHandler
 .text.USB_PHY2_IRQHandler
                0x60004f60        0x8 ./startup/startup_mimxrt1052.o
                0x60004f60                USB_PHY2_IRQHandler
 .text.ADC1_IRQHandler
                0x60004f68        0x8 ./startup/startup_mimxrt1052.o
                0x60004f68                ADC1_IRQHandler
 .text.ADC2_IRQHandler
                0x60004f70        0x8 ./startup/startup_mimxrt1052.o
                0x60004f70                ADC2_IRQHandler
 .text.DCDC_IRQHandler
                0x60004f78        0x8 ./startup/startup_mimxrt1052.o
                0x60004f78                DCDC_IRQHandler
 .text.Reserved86_IRQHandler
                0x60004f80        0x8 ./startup/startup_mimxrt1052.o
                0x60004f80                Reserved86_IRQHandler
 .text.Reserved87_IRQHandler
                0x60004f88        0x8 ./startup/startup_mimxrt1052.o
                0x60004f88                Reserved87_IRQHandler
 .text.GPIO1_INT0_IRQHandler
                0x60004f90        0x8 ./startup/startup_mimxrt1052.o
                0x60004f90                GPIO1_INT0_IRQHandler
 .text.GPIO1_INT1_IRQHandler
                0x60004f98        0x8 ./startup/startup_mimxrt1052.o
                0x60004f98                GPIO1_INT1_IRQHandler
 .text.GPIO1_INT2_IRQHandler
                0x60004fa0        0x8 ./startup/startup_mimxrt1052.o
                0x60004fa0                GPIO1_INT2_IRQHandler
 .text.GPIO1_INT3_IRQHandler
                0x60004fa8        0x8 ./startup/startup_mimxrt1052.o
                0x60004fa8                GPIO1_INT3_IRQHandler
 .text.GPIO1_INT4_IRQHandler
                0x60004fb0        0x8 ./startup/startup_mimxrt1052.o
                0x60004fb0                GPIO1_INT4_IRQHandler
 .text.GPIO1_INT5_IRQHandler
                0x60004fb8        0x8 ./startup/startup_mimxrt1052.o
                0x60004fb8                GPIO1_INT5_IRQHandler
 .text.GPIO1_INT6_IRQHandler
                0x60004fc0        0x8 ./startup/startup_mimxrt1052.o
                0x60004fc0                GPIO1_INT6_IRQHandler
 .text.GPIO1_INT7_IRQHandler
                0x60004fc8        0x8 ./startup/startup_mimxrt1052.o
                0x60004fc8                GPIO1_INT7_IRQHandler
 .text.GPIO1_Combined_0_15_IRQHandler
                0x60004fd0        0x8 ./startup/startup_mimxrt1052.o
                0x60004fd0                GPIO1_Combined_0_15_IRQHandler
 .text.GPIO1_Combined_16_31_IRQHandler
                0x60004fd8        0x8 ./startup/startup_mimxrt1052.o
                0x60004fd8                GPIO1_Combined_16_31_IRQHandler
 .text.GPIO2_Combined_0_15_IRQHandler
                0x60004fe0        0x8 ./startup/startup_mimxrt1052.o
                0x60004fe0                GPIO2_Combined_0_15_IRQHandler
 .text.GPIO2_Combined_16_31_IRQHandler
                0x60004fe8        0x8 ./startup/startup_mimxrt1052.o
                0x60004fe8                GPIO2_Combined_16_31_IRQHandler
 .text.GPIO3_Combined_0_15_IRQHandler
                0x60004ff0        0x8 ./startup/startup_mimxrt1052.o
                0x60004ff0                GPIO3_Combined_0_15_IRQHandler
 .text.GPIO3_Combined_16_31_IRQHandler
                0x60004ff8        0x8 ./startup/startup_mimxrt1052.o
                0x60004ff8                GPIO3_Combined_16_31_IRQHandler
 .text.GPIO4_Combined_0_15_IRQHandler
                0x60005000        0x8 ./startup/startup_mimxrt1052.o
                0x60005000                GPIO4_Combined_0_15_IRQHandler
 .text.GPIO4_Combined_16_31_IRQHandler
                0x60005008        0x8 ./startup/startup_mimxrt1052.o
                0x60005008                GPIO4_Combined_16_31_IRQHandler
 .text.GPIO5_Combined_0_15_IRQHandler
                0x60005010        0x8 ./startup/startup_mimxrt1052.o
                0x60005010                GPIO5_Combined_0_15_IRQHandler
 .text.GPIO5_Combined_16_31_IRQHandler
                0x60005018        0x8 ./startup/startup_mimxrt1052.o
                0x60005018                GPIO5_Combined_16_31_IRQHandler
 .text.FLEXIO1_IRQHandler
                0x60005020        0x8 ./startup/startup_mimxrt1052.o
                0x60005020                FLEXIO1_IRQHandler
 .text.FLEXIO2_IRQHandler
                0x60005028        0x8 ./startup/startup_mimxrt1052.o
                0x60005028                FLEXIO2_IRQHandler
 .text.WDOG1_IRQHandler
                0x60005030        0x8 ./startup/startup_mimxrt1052.o
                0x60005030                WDOG1_IRQHandler
 .text.RTWDOG_IRQHandler
                0x60005038        0x8 ./startup/startup_mimxrt1052.o
                0x60005038                RTWDOG_IRQHandler
 .text.EWM_IRQHandler
                0x60005040        0x8 ./startup/startup_mimxrt1052.o
                0x60005040                EWM_IRQHandler
 .text.CCM_1_IRQHandler
                0x60005048        0x8 ./startup/startup_mimxrt1052.o
                0x60005048                CCM_1_IRQHandler
 .text.CCM_2_IRQHandler
                0x60005050        0x8 ./startup/startup_mimxrt1052.o
                0x60005050                CCM_2_IRQHandler
 .text.GPC_IRQHandler
                0x60005058        0x8 ./startup/startup_mimxrt1052.o
                0x60005058                GPC_IRQHandler
 .text.SRC_IRQHandler
                0x60005060        0x8 ./startup/startup_mimxrt1052.o
                0x60005060                SRC_IRQHandler
 .text.Reserved115_IRQHandler
                0x60005068        0x8 ./startup/startup_mimxrt1052.o
                0x60005068                Reserved115_IRQHandler
 .text.GPT1_IRQHandler
                0x60005070        0x8 ./startup/startup_mimxrt1052.o
                0x60005070                GPT1_IRQHandler
 .text.GPT2_IRQHandler
                0x60005078        0x8 ./startup/startup_mimxrt1052.o
                0x60005078                GPT2_IRQHandler
 .text.PWM1_0_IRQHandler
                0x60005080        0x8 ./startup/startup_mimxrt1052.o
                0x60005080                PWM1_0_IRQHandler
 .text.PWM1_1_IRQHandler
                0x60005088        0x8 ./startup/startup_mimxrt1052.o
                0x60005088                PWM1_1_IRQHandler
 .text.PWM1_2_IRQHandler
                0x60005090        0x8 ./startup/startup_mimxrt1052.o
                0x60005090                PWM1_2_IRQHandler
 .text.PWM1_3_IRQHandler
                0x60005098        0x8 ./startup/startup_mimxrt1052.o
                0x60005098                PWM1_3_IRQHandler
 .text.PWM1_FAULT_IRQHandler
                0x600050a0        0x8 ./startup/startup_mimxrt1052.o
                0x600050a0                PWM1_FAULT_IRQHandler
 .text.Reserved123_IRQHandler
                0x600050a8        0x8 ./startup/startup_mimxrt1052.o
                0x600050a8                Reserved123_IRQHandler
 .text.FLEXSPI_IRQHandler
                0x600050b0        0x8 ./startup/startup_mimxrt1052.o
                0x600050b0                FLEXSPI_IRQHandler
 .text.SEMC_IRQHandler
                0x600050b8        0x8 ./startup/startup_mimxrt1052.o
                0x600050b8                SEMC_IRQHandler
 .text.USDHC1_IRQHandler
                0x600050c0        0x8 ./startup/startup_mimxrt1052.o
                0x600050c0                USDHC1_IRQHandler
 .text.USDHC2_IRQHandler
                0x600050c8        0x8 ./startup/startup_mimxrt1052.o
                0x600050c8                USDHC2_IRQHandler
 .text.USB_OTG2_IRQHandler
                0x600050d0        0x8 ./startup/startup_mimxrt1052.o
                0x600050d0                USB_OTG2_IRQHandler
 .text.USB_OTG1_IRQHandler
                0x600050d8        0x8 ./startup/startup_mimxrt1052.o
                0x600050d8                USB_OTG1_IRQHandler
 .text.ENET_IRQHandler
                0x600050e0        0x8 ./startup/startup_mimxrt1052.o
                0x600050e0                ENET_IRQHandler
 .text.ENET_1588_Timer_IRQHandler
                0x600050e8        0x8 ./startup/startup_mimxrt1052.o
                0x600050e8                ENET_1588_Timer_IRQHandler
 .text.XBAR1_IRQ_0_1_IRQHandler
                0x600050f0        0x8 ./startup/startup_mimxrt1052.o
                0x600050f0                XBAR1_IRQ_0_1_IRQHandler
 .text.XBAR1_IRQ_2_3_IRQHandler
                0x600050f8        0x8 ./startup/startup_mimxrt1052.o
                0x600050f8                XBAR1_IRQ_2_3_IRQHandler
 .text.ADC_ETC_IRQ0_IRQHandler
                0x60005100        0x8 ./startup/startup_mimxrt1052.o
                0x60005100                ADC_ETC_IRQ0_IRQHandler
 .text.ADC_ETC_IRQ1_IRQHandler
                0x60005108        0x8 ./startup/startup_mimxrt1052.o
                0x60005108                ADC_ETC_IRQ1_IRQHandler
 .text.ADC_ETC_IRQ2_IRQHandler
                0x60005110        0x8 ./startup/startup_mimxrt1052.o
                0x60005110                ADC_ETC_IRQ2_IRQHandler
 .text.ADC_ETC_ERROR_IRQ_IRQHandler
                0x60005118        0x8 ./startup/startup_mimxrt1052.o
                0x60005118                ADC_ETC_ERROR_IRQ_IRQHandler
 .text.PIT_IRQHandler
                0x60005120        0x8 ./startup/startup_mimxrt1052.o
                0x60005120                PIT_IRQHandler
 .text.ACMP1_IRQHandler
                0x60005128        0x8 ./startup/startup_mimxrt1052.o
                0x60005128                ACMP1_IRQHandler
 .text.ACMP2_IRQHandler
                0x60005130        0x8 ./startup/startup_mimxrt1052.o
                0x60005130                ACMP2_IRQHandler
 .text.ACMP3_IRQHandler
                0x60005138        0x8 ./startup/startup_mimxrt1052.o
                0x60005138                ACMP3_IRQHandler
 .text.ACMP4_IRQHandler
                0x60005140        0x8 ./startup/startup_mimxrt1052.o
                0x60005140                ACMP4_IRQHandler
 .text.Reserved143_IRQHandler
                0x60005148        0x8 ./startup/startup_mimxrt1052.o
                0x60005148                Reserved143_IRQHandler
 .text.Reserved144_IRQHandler
                0x60005150        0x8 ./startup/startup_mimxrt1052.o
                0x60005150                Reserved144_IRQHandler
 .text.ENC1_IRQHandler
                0x60005158        0x8 ./startup/startup_mimxrt1052.o
                0x60005158                ENC1_IRQHandler
 .text.ENC2_IRQHandler
                0x60005160        0x8 ./startup/startup_mimxrt1052.o
                0x60005160                ENC2_IRQHandler
 .text.ENC3_IRQHandler
                0x60005168        0x8 ./startup/startup_mimxrt1052.o
                0x60005168                ENC3_IRQHandler
 .text.ENC4_IRQHandler
                0x60005170        0x8 ./startup/startup_mimxrt1052.o
                0x60005170                ENC4_IRQHandler
 .text.TMR1_IRQHandler
                0x60005178        0x8 ./startup/startup_mimxrt1052.o
                0x60005178                TMR1_IRQHandler
 .text.TMR2_IRQHandler
                0x60005180        0x8 ./startup/startup_mimxrt1052.o
                0x60005180                TMR2_IRQHandler
 .text.TMR3_IRQHandler
                0x60005188        0x8 ./startup/startup_mimxrt1052.o
                0x60005188                TMR3_IRQHandler
 .text.TMR4_IRQHandler
                0x60005190        0x8 ./startup/startup_mimxrt1052.o
                0x60005190                TMR4_IRQHandler
 .text.PWM2_0_IRQHandler
                0x60005198        0x8 ./startup/startup_mimxrt1052.o
                0x60005198                PWM2_0_IRQHandler
 .text.PWM2_1_IRQHandler
                0x600051a0        0x8 ./startup/startup_mimxrt1052.o
                0x600051a0                PWM2_1_IRQHandler
 .text.PWM2_2_IRQHandler
                0x600051a8        0x8 ./startup/startup_mimxrt1052.o
                0x600051a8                PWM2_2_IRQHandler
 .text.PWM2_3_IRQHandler
                0x600051b0        0x8 ./startup/startup_mimxrt1052.o
                0x600051b0                PWM2_3_IRQHandler
 .text.PWM2_FAULT_IRQHandler
                0x600051b8        0x8 ./startup/startup_mimxrt1052.o
                0x600051b8                PWM2_FAULT_IRQHandler
 .text.PWM3_0_IRQHandler
                0x600051c0        0x8 ./startup/startup_mimxrt1052.o
                0x600051c0                PWM3_0_IRQHandler
 .text.PWM3_1_IRQHandler
                0x600051c8        0x8 ./startup/startup_mimxrt1052.o
                0x600051c8                PWM3_1_IRQHandler
 .text.PWM3_2_IRQHandler
                0x600051d0        0x8 ./startup/startup_mimxrt1052.o
                0x600051d0                PWM3_2_IRQHandler
 .text.PWM3_3_IRQHandler
                0x600051d8        0x8 ./startup/startup_mimxrt1052.o
                0x600051d8                PWM3_3_IRQHandler
 .text.PWM3_FAULT_IRQHandler
                0x600051e0        0x8 ./startup/startup_mimxrt1052.o
                0x600051e0                PWM3_FAULT_IRQHandler
 .text.PWM4_0_IRQHandler
                0x600051e8        0x8 ./startup/startup_mimxrt1052.o
                0x600051e8                PWM4_0_IRQHandler
 .text.PWM4_1_IRQHandler
                0x600051f0        0x8 ./startup/startup_mimxrt1052.o
                0x600051f0                PWM4_1_IRQHandler
 .text.PWM4_2_IRQHandler
                0x600051f8        0x8 ./startup/startup_mimxrt1052.o
                0x600051f8                PWM4_2_IRQHandler
 .text.PWM4_3_IRQHandler
                0x60005200        0x8 ./startup/startup_mimxrt1052.o
                0x60005200                PWM4_3_IRQHandler
 .text.PWM4_FAULT_IRQHandler
                0x60005208        0x8 ./startup/startup_mimxrt1052.o
                0x60005208                PWM4_FAULT_IRQHandler
 .text.HardFault_Handler
                0x60005210       0x2c ./source/semihost_hardfault.o
                0x60005210                HardFault_Handler
 .text.CLOCK_IsPllBypassed
                0x6000523c       0x32 ./drivers/fsl_clock.o
 .text.CLOCK_IsPllEnabled
                0x6000526e       0x3c ./drivers/fsl_clock.o
 .text.CLOCK_GetPllBypassRefClk
                0x600052aa       0x34 ./drivers/fsl_clock.o
 .text._SDK_AtomicLocalClearAndSet4Byte
                0x600052de       0x50 ./drivers/fsl_lpuart.o
 .text.CLOCK_EnableClock
                0x6000532e       0x1e ./drivers/fsl_lpuart.o
 .text.LPUART_SoftwareReset
                0x6000534c       0x2c ./drivers/fsl_lpuart.o
 .text.SystemInitHook
                0x60005378        0xe ./device/system_MIMXRT1052.o
                0x60005378                SystemInitHook
 .text.HAL_UartGetStatus
                0x60005386       0x28 ./component/uart/fsl_adapter_lpuart.o
 .text.DisableGlobalIRQ
                0x600053ae       0x22 ./component/serial_manager/fsl_component_serial_manager.o
 .text.EnableGlobalIRQ
                0x600053d0       0x20 ./component/serial_manager/fsl_component_serial_manager.o
 .text.SerialManager_StartWriting
                0x600053f0       0x38 ./component/serial_manager/fsl_component_serial_manager.o
 .text.SerialManager_Write
                0x60005428       0x44 ./component/serial_manager/fsl_component_serial_manager.o
 .text.SerialManager_Init
                0x6000546c       0x60 ./component/serial_manager/fsl_component_serial_manager.o
                0x6000546c                SerialManager_Init
 .text.SerialManager_OpenWriteHandle
                0x600054cc       0x50 ./component/serial_manager/fsl_component_serial_manager.o
                0x600054cc                SerialManager_OpenWriteHandle
 .text.SerialManager_OpenReadHandle
                0x6000551c       0x60 ./component/serial_manager/fsl_component_serial_manager.o
                0x6000551c                SerialManager_OpenReadHandle
 .text.SerialManager_WriteBlocking
                0x6000557c       0x20 ./component/serial_manager/fsl_component_serial_manager.o
                0x6000557c                SerialManager_WriteBlocking
 .text.Serial_UartInit
                0x6000559c       0x3e ./component/serial_manager/fsl_component_serial_port_uart.o
                0x6000559c                Serial_UartInit
 .text.Serial_UartWrite
                0x600055da       0x38 ./component/serial_manager/fsl_component_serial_port_uart.o
                0x600055da                Serial_UartWrite
 .text.BOARD_InitDebugConsole
                0x60005612       0x22 ./board/board.o
                0x60005612                BOARD_InitDebugConsole
 .text._SDK_AtomicLocalClearAndSet4Byte
                0x60005634       0x50 ./board/clock_config.o
 .text.CLOCK_DisableClock
                0x60005684       0x1e ./board/clock_config.o
 .text.CLOCK_SetPllBypass
                0x600056a2       0x4e ./board/clock_config.o
 .text.IOMUXC_SetSaiMClkClockSource
                0x600056f0       0x6c ./board/clock_config.o
 .text.BOARD_InitBootClocks
                0x6000575c        0xc ./board/clock_config.o
                0x6000575c                BOARD_InitBootClocks
 .text.BOARD_InitPeripherals
                0x60005768        0xe ./board/peripherals.o
                0x60005768                BOARD_InitPeripherals
 .text.BOARD_InitBootPeripherals
                0x60005776        0xc ./board/peripherals.o
                0x60005776                BOARD_InitBootPeripherals
 .text.BOARD_InitBootPins
                0x60005782        0xc ./board/pin_mux.o
                0x60005782                BOARD_InitBootPins
 .text.BOARD_InitPins
                0x6000578e        0xe ./board/pin_mux.o
                0x6000578e                BOARD_InitPins
 .text.memcpy   0x6000579c       0x1c c:/nxp/mcuxpressoide_11.6.0_8187/ide/plugins/com.nxp.mcuxpresso.tools.win32_11.6.0.202112161359/tools/bin/../lib/gcc/arm-none-eabi/10.3.1/../../../../arm-none-eabi/lib/thumb/v7e-m+fp/hard\libc_nano.a(lib_a-memcpy-stub.o)
                0x6000579c                memcpy
 .text.memset   0x600057b8       0x10 c:/nxp/mcuxpressoide_11.6.0_8187/ide/plugins/com.nxp.mcuxpresso.tools.win32_11.6.0.202112161359/tools/bin/../lib/gcc/arm-none-eabi/10.3.1/../../../../arm-none-eabi/lib/thumb/v7e-m+fp/hard\libc_nano.a(lib_a-memset.o)
                0x600057b8                memset
 .text          0x600057c8       0x10 c:/nxp/mcuxpressoide_11.6.0_8187/ide/plugins/com.nxp.mcuxpresso.tools.win32_11.6.0.202112161359/tools/bin/../lib/gcc/arm-none-eabi/10.3.1/../../../../arm-none-eabi/lib/thumb/v7e-m+fp/hard\libc_nano.a(lib_a-strlen.o)
                0x600057c8                strlen
 *(SORT_BY_ALIGNMENT(.rodata) SORT_BY_ALIGNMENT(.rodata.*) SORT_BY_ALIGNMENT(.constdata) SORT_BY_ALIGNMENT(.constdata.*))
 .rodata.__assert_func.str1.4
                0x600057d8       0x3e ./utilities/fsl_assert.o
 *fill*         0x60005816        0x2 ff
 .rodata.main.str1.4
                0x60005818        0xd ./source/iMX_RT1052_QSPI_Flash.o
 *fill*         0x60005825        0x3 ff
 .rodata.CLOCK_InitExternalClk.str1.4
                0x60005828       0x1c ./drivers/fsl_clock.o
 .rodata.CLOCK_GetPllFreq.str1.4
                0x60005844        0x6 ./drivers/fsl_clock.o
 *fill*         0x6000584a        0x2 ff
 .rodata.__func__.8
                0x6000584c       0x16 ./drivers/fsl_clock.o
 *fill*         0x60005862        0x2 ff
 .rodata.__func__.2
                0x60005864       0x11 ./drivers/fsl_clock.o
 *fill*         0x60005875        0x3 ff
 .rodata.enetRefClkFreq.1
                0x60005878       0x10 ./drivers/fsl_clock.o
 .rodata.CLOCK_ControlGate.str1.4
                0x60005888        0xd ./drivers/fsl_lpuart.o
                                 0x1c (size before relaxing)
 *fill*         0x60005895        0x3 ff
 .rodata.s_lpuartBases
                0x60005898       0x24 ./drivers/fsl_lpuart.o
 .rodata.s_lpuartClock
                0x600058bc       0x12 ./drivers/fsl_lpuart.o
 *fill*         0x600058ce        0x2 ff
 .rodata.LPUART_GetInstance.str1.4
                0x600058d0       0x35 ./drivers/fsl_lpuart.o
 *fill*         0x60005905        0x3 ff
 .rodata.LPUART_WriteNonBlocking.str1.4
                0x60005908        0xd ./drivers/fsl_lpuart.o
 *fill*         0x60005915        0x3 ff
 .rodata.LPUART_Init.str1.4
                0x60005918       0xbb ./drivers/fsl_lpuart.o
 *fill*         0x600059d3        0x1 ff
 .rodata.__func__.22
                0x600059d4       0x13 ./drivers/fsl_lpuart.o
 *fill*         0x600059e7        0x1 ff
 .rodata.__func__.17
                0x600059e8        0xc ./drivers/fsl_lpuart.o
 .rodata.__func__.16
                0x600059f4       0x12 ./drivers/fsl_lpuart.o
 *fill*         0x60005a06        0x2 ff
 .rodata.__func__.15
                0x60005a08       0x18 ./drivers/fsl_lpuart.o
 .rodata.__func__.11
                0x60005a20       0x15 ./drivers/fsl_lpuart.o
 *fill*         0x60005a35        0x3 ff
 .rodata.s_LpuartAdapterBase
                0x60005a38       0x24 ./component/uart/fsl_adapter_lpuart.o
 .rodata.HAL_UartInit.str1.4
                0x60005a5c       0xa2 ./component/uart/fsl_adapter_lpuart.o
                                 0xb2 (size before relaxing)
 *fill*         0x60005afe        0x2 ff
 .rodata.HAL_UartReceiveBlocking.str1.4
                0x60005b00        0xc ./component/uart/fsl_adapter_lpuart.o
                                 0x1c (size before relaxing)
 .rodata.__func__.4
                0x60005b0c        0xd ./component/uart/fsl_adapter_lpuart.o
 *fill*         0x60005b19        0x3 ff
 .rodata.__func__.1
                0x60005b1c       0x15 ./component/uart/fsl_adapter_lpuart.o
 *fill*         0x60005b31        0x3 ff
 .rodata.CLOCK_SetMux.str1.4
                0x60005b34       0x64 ./board/clock_config.o
 .rodata.CLOCK_ControlGate.str1.4
                0x60005b98        0xd ./board/clock_config.o
 .rodata.armPllConfig_BOARD_BootClockRUN
                0x60005b98        0x8 ./board/clock_config.o
                0x60005b98                armPllConfig_BOARD_BootClockRUN
 .rodata.sysPllConfig_BOARD_BootClockRUN
                0x60005ba0       0x14 ./board/clock_config.o
                0x60005ba0                sysPllConfig_BOARD_BootClockRUN
 .rodata.enetPllConfig_BOARD_BootClockRUN
                0x60005bb4        0x4 ./board/clock_config.o
                0x60005bb4                enetPllConfig_BOARD_BootClockRUN
 .rodata.__func__.2
                0x60005bb8       0x12 ./board/clock_config.o
 *fill*         0x60005bca        0x2 ff
 .rodata.__func__.1
                0x60005bcc        0xd ./board/clock_config.o
 *fill*         0x60005bd9        0x3 ff
 .rodata.__func__.0
                0x60005bdc        0xd ./board/clock_config.o
                0x60005bec                . = ALIGN (0x4)
 *fill*         0x60005be9        0x3 ff
                0x60005bec                . = ALIGN (0x4)
 *(.init)
 .init          0x60005bec        0x4 c:/nxp/mcuxpressoide_11.6.0_8187/ide/plugins/com.nxp.mcuxpresso.tools.win32_11.6.0.202112161359/tools/bin/../lib/gcc/arm-none-eabi/10.3.1/thumb/v7e-m+fp/hard\crti.o
                0x60005bec                _init
 .init          0x60005bf0        0x8 c:/nxp/mcuxpressoide_11.6.0_8187/ide/plugins/com.nxp.mcuxpresso.tools.win32_11.6.0.202112161359/tools/bin/../lib/gcc/arm-none-eabi/10.3.1/thumb/v7e-m+fp/hard\crtn.o
                0x60005bf8                . = ALIGN (0x4)
                0x60005bf8                __preinit_array_start = .
 *(SORT_BY_ALIGNMENT(.preinit_array))
                0x60005bf8                __preinit_array_end = .
                0x60005bf8                . = ALIGN (0x4)
                0x60005bf8                __init_array_start = .
 *(SORT_BY_NAME(SORT_BY_ALIGNMENT(.init_array.*)))
 *(SORT_BY_ALIGNMENT(.init_array))
 .init_array    0x60005bf8        0x4 c:/nxp/mcuxpressoide_11.6.0_8187/ide/plugins/com.nxp.mcuxpresso.tools.win32_11.6.0.202112161359/tools/bin/../lib/gcc/arm-none-eabi/10.3.1/thumb/v7e-m+fp/hard\crtbegin.o
                0x60005bfc                __init_array_end = .
 *(.fini)
 .fini          0x60005bfc        0x4 c:/nxp/mcuxpressoide_11.6.0_8187/ide/plugins/com.nxp.mcuxpresso.tools.win32_11.6.0.202112161359/tools/bin/../lib/gcc/arm-none-eabi/10.3.1/thumb/v7e-m+fp/hard\crti.o
                0x60005bfc                _fini
 .fini          0x60005c00        0x8 c:/nxp/mcuxpressoide_11.6.0_8187/ide/plugins/com.nxp.mcuxpresso.tools.win32_11.6.0.202112161359/tools/bin/../lib/gcc/arm-none-eabi/10.3.1/thumb/v7e-m+fp/hard\crtn.o
                0x60005c08                . = ALIGN (0x4)
 *crtbegin.o(SORT_BY_ALIGNMENT(.ctors))
 *(SORT_BY_ALIGNMENT(EXCLUDE_FILE(*crtend.o) .ctors))
 *(SORT_BY_NAME(SORT_BY_ALIGNMENT(.ctors.*)))
 *crtend.o(SORT_BY_ALIGNMENT(.ctors))
                0x60005c08                . = ALIGN (0x4)
 *crtbegin.o(SORT_BY_ALIGNMENT(.dtors))
 *(SORT_BY_ALIGNMENT(EXCLUDE_FILE(*crtend.o) .dtors))
 *(SORT_BY_NAME(SORT_BY_ALIGNMENT(.dtors.*)))
 *crtend.o(SORT_BY_ALIGNMENT(.dtors))
                0x60005c08                . = ALIGN (0x4)
                0x60005c08                _etext = .

.glue_7         0x60005c08        0x0
 .glue_7        0x60005c08        0x0 linker stubs

.glue_7t        0x60005c08        0x0
 .glue_7t       0x60005c08        0x0 linker stubs

.vfp11_veneer   0x60005c08        0x0
 .vfp11_veneer  0x60005c08        0x0 linker stubs

.v4_bx          0x60005c08        0x0
 .v4_bx         0x60005c08        0x0 linker stubs

.iplt           0x60005c08        0x0
 .iplt          0x60005c08        0x0 ./xip/fsl_flexspi_nor_boot.o

.data_RAM2      0x00000000        0x0 load address 0x60005c08
 FILL mask 0xff
                [!provide]                PROVIDE (__start_data_RAM2 = .)
                [!provide]                PROVIDE (__start_data_SRAM_ITC = .)
 *(SORT_BY_ALIGNMENT(.ramfunc.$RAM2))
 *(SORT_BY_ALIGNMENT(.ramfunc.$SRAM_ITC))
 *(SORT_BY_ALIGNMENT(.data.$RAM2))
 *(SORT_BY_ALIGNMENT(.data.$SRAM_ITC))
 *(SORT_BY_ALIGNMENT(.data.$RAM2.*))
 *(SORT_BY_ALIGNMENT(.data.$SRAM_ITC.*))
                0x00000000                . = ALIGN (0x4)
                [!provide]                PROVIDE (__end_data_RAM2 = .)
                [!provide]                PROVIDE (__end_data_SRAM_ITC = .)

.data_RAM3      0x20200000        0x0 load address 0x60005c08
 FILL mask 0xff
                [!provide]                PROVIDE (__start_data_RAM3 = .)
                [!provide]                PROVIDE (__start_data_SRAM_OC = .)
 *(SORT_BY_ALIGNMENT(.ramfunc.$RAM3))
 *(SORT_BY_ALIGNMENT(.ramfunc.$SRAM_OC))
 *(SORT_BY_ALIGNMENT(.data.$RAM3))
 *(SORT_BY_ALIGNMENT(.data.$SRAM_OC))
 *(SORT_BY_ALIGNMENT(.data.$RAM3.*))
 *(SORT_BY_ALIGNMENT(.data.$SRAM_OC.*))
                0x20200000                . = ALIGN (0x4)
                [!provide]                PROVIDE (__end_data_RAM3 = .)
                [!provide]                PROVIDE (__end_data_SRAM_OC = .)

.uninit_RESERVED
                0x20000000        0x0
                0x20000000                _start_uninit_RESERVED = .
 *(SORT_BY_ALIGNMENT(.bss.$RESERVED*))
                0x20000000                . = ALIGN (0x4)
                0x20000000                _end_uninit_RESERVED = .

.data           0x20000000        0x4 load address 0x60005c08
 FILL mask 0xff
                0x20000000                _data = .
                [!provide]                PROVIDE (__start_data_RAM = .)
                [!provide]                PROVIDE (__start_data_SRAM_DTC = .)
 *(SORT_BY_ALIGNMENT(vtable))
 *(SORT_BY_ALIGNMENT(.ramfunc*))
 *(SORT_BY_ALIGNMENT(CodeQuickAccess))
 *(SORT_BY_ALIGNMENT(DataQuickAccess))
 *(SORT_BY_ALIGNMENT(RamFunction))
 *(SORT_BY_ALIGNMENT(.data*))
 .data.SystemCoreClock
                0x20000000        0x4 ./device/system_MIMXRT1052.o
                0x20000000                SystemCoreClock
                0x20000004                . = ALIGN (0x4)
                0x20000004                _edata = .
                [!provide]                PROVIDE (__end_data_RAM = .)
                [!provide]                PROVIDE (__end_data_SRAM_DTC = .)

.igot.plt       0x20000004        0x0 load address 0x60005c0c
 .igot.plt      0x20000004        0x0 ./xip/fsl_flexspi_nor_boot.o

.bss_RAM2       0x00000000        0x0
                [!provide]                PROVIDE (__start_bss_RAM2 = .)
                [!provide]                PROVIDE (__start_bss_SRAM_ITC = .)
 *(SORT_BY_ALIGNMENT(.bss.$RAM2))
 *(SORT_BY_ALIGNMENT(.bss.$SRAM_ITC))
 *(SORT_BY_ALIGNMENT(.bss.$RAM2.*))
 *(SORT_BY_ALIGNMENT(.bss.$SRAM_ITC.*))
                0x00000000                . = ALIGN ((. != 0x0)?0x4:0x1)
                [!provide]                PROVIDE (__end_bss_RAM2 = .)
                [!provide]                PROVIDE (__end_bss_SRAM_ITC = .)

.bss_RAM3       0x20200000        0x0
                [!provide]                PROVIDE (__start_bss_RAM3 = .)
                [!provide]                PROVIDE (__start_bss_SRAM_OC = .)
 *(SORT_BY_ALIGNMENT(.bss.$RAM3))
 *(SORT_BY_ALIGNMENT(.bss.$SRAM_OC))
 *(SORT_BY_ALIGNMENT(.bss.$RAM3.*))
 *(SORT_BY_ALIGNMENT(.bss.$SRAM_OC.*))
                0x20200000                . = ALIGN ((. != 0x0)?0x4:0x1)
                [!provide]                PROVIDE (__end_bss_RAM3 = .)
                [!provide]                PROVIDE (__end_bss_SRAM_OC = .)

.bss            0x20000004       0x74
                0x20000004                _bss = .
                [!provide]                PROVIDE (__start_bss_RAM = .)
                [!provide]                PROVIDE (__start_bss_SRAM_DTC = .)
 *(SORT_BY_ALIGNMENT(.bss*))
 .bss.s_debugConsoleState
                0x20000004       0x20 ./utilities/fsl_debug_console.o
 .bss.g_serialHandle
                0x20000024        0x4 ./utilities/fsl_debug_console.o
                0x20000024                g_serialHandle
 .bss._ZZ4mainE1i
                0x20000028        0x4 ./source/iMX_RT1052_QSPI_Flash.o
 .bss.g_xtalFreq
                0x2000002c        0x4 ./drivers/fsl_clock.o
                0x2000002c                g_xtalFreq
 .bss.s_lpuartHandle
                0x20000030       0x24 ./drivers/fsl_lpuart.o
                0x20000030                s_lpuartHandle
 .bss.s_lpuartIsr
                0x20000054        0x4 ./drivers/fsl_lpuart.o
                0x20000054                s_lpuartIsr
 .bss           0x20000058       0x1c c:/nxp/mcuxpressoide_11.6.0_8187/ide/plugins/com.nxp.mcuxpresso.tools.win32_11.6.0.202112161359/tools/bin/../lib/gcc/arm-none-eabi/10.3.1/thumb/v7e-m+fp/hard\crtbegin.o
 .bss.s_debugConsoleReadWaitSemaphore
                0x20000074        0x1 ./utilities/fsl_debug_console.o
 *(SORT_BY_ALIGNMENT(COMMON))
                0x20000078                . = ALIGN (0x4)
 *fill*         0x20000075        0x3 
                0x20000078                _ebss = .
                [!provide]                PROVIDE (__end_bss_RAM = .)
                [!provide]                PROVIDE (__end_bss_SRAM_DTC = .)
                [!provide]                PROVIDE (end = .)

.noinit_RAM2    0x00000000        0x0
                [!provide]                PROVIDE (__start_noinit_RAM2 = .)
                [!provide]                PROVIDE (__start_noinit_SRAM_ITC = .)
 *(SORT_BY_ALIGNMENT(.noinit.$RAM2))
 *(SORT_BY_ALIGNMENT(.noinit.$SRAM_ITC))
 *(SORT_BY_ALIGNMENT(.noinit.$RAM2.*))
 *(SORT_BY_ALIGNMENT(.noinit.$SRAM_ITC.*))
                0x00000000                . = ALIGN (0x4)
                [!provide]                PROVIDE (__end_noinit_RAM2 = .)
                [!provide]                PROVIDE (__end_noinit_SRAM_ITC = .)

.noinit_RAM3    0x20200000        0x0
                [!provide]                PROVIDE (__start_noinit_RAM3 = .)
                [!provide]                PROVIDE (__start_noinit_SRAM_OC = .)
 *(SORT_BY_ALIGNMENT(.noinit.$RAM3))
 *(SORT_BY_ALIGNMENT(.noinit.$SRAM_OC))
 *(SORT_BY_ALIGNMENT(.noinit.$RAM3.*))
 *(SORT_BY_ALIGNMENT(.noinit.$SRAM_OC.*))
                0x20200000                . = ALIGN (0x4)
                [!provide]                PROVIDE (__end_noinit_RAM3 = .)
                [!provide]                PROVIDE (__end_noinit_SRAM_OC = .)

.noinit         0x20000078        0x0
                0x20000078                _noinit = .
                [!provide]                PROVIDE (__start_noinit_RAM = .)
                [!provide]                PROVIDE (__start_noinit_SRAM_DTC = .)
 *(SORT_BY_ALIGNMENT(.noinit*))
                0x20000078                . = ALIGN (0x4)
                0x20000078                _end_noinit = .
                [!provide]                PROVIDE (__end_noinit_RAM = .)
                [!provide]                PROVIDE (__end_noinit_SRAM_DTC = .)

.ARM.extab
 *(SORT_BY_ALIGNMENT(.ARM.extab*) SORT_BY_ALIGNMENT(.gnu.linkonce.armextab.*))

.ARM.exidx      0x60005c0c        0x8
                0x60005c0c                __exidx_start = .
 *(SORT_BY_ALIGNMENT(.ARM.exidx*) SORT_BY_ALIGNMENT(.gnu.linkonce.armexidx.*))
 .ARM.exidx     0x60005c0c        0x8 c:/nxp/mcuxpressoide_11.6.0_8187/ide/plugins/com.nxp.mcuxpresso.tools.win32_11.6.0.202112161359/tools/bin/../lib/gcc/arm-none-eabi/10.3.1/thumb/v7e-m+fp/hard\libgcc.a(_udivmoddi4.o)
                0x60005c14                __exidx_end = .
                0x00001000                _HeapSize = 0x1000

.rel.dyn        0x60005c14        0x0
 .rel.iplt      0x60005c14        0x0 ./xip/fsl_flexspi_nor_boot.o

.heap           0x20000078     0x1000
                0x20000078                _pvHeapStart = .
                0x20001078                . = (. + _HeapSize)
 *fill*         0x20000078     0x1000 
                0x20001078                . = ALIGN (0x4)
                0x20001078                _pvHeapLimit = .
                0x00001000                _StackSize = 0x1000

.heap2stackfill
                0x20001078     0x1000
                0x20002078                . = (. + _StackSize)
 *fill*         0x20001078     0x1000 

.stack          0x2001f000        0x0
                0x2001f000                _vStackBase = .
                0x2001f000                . = ALIGN (0x4)
                0x20020000                _vStackTop = (. + _StackSize)
                0x60002000                _image_start = LOADADDR (.text)
                0x60005c0c                _image_end = (LOADADDR (.data) + SIZEOF (.data))
                0x00003c0c                _image_size = (_image_end - _image_start)
OUTPUT(iMX_RT1052_QSPI_Flash.axf elf32-littlearm)
LOAD linker stubs

.debug_info     0x00000000     0xdd1d
 .debug_info    0x00000000      0x471 ./xip/fsl_flexspi_nor_boot.o
 .debug_info    0x00000471      0x842 ./xip/mimxrt1050_flexspi_nor_config.o
 .debug_info    0x00000cb3       0xdf ./utilities/fsl_assert.o
 .debug_info    0x00000d92      0xc55 ./utilities/fsl_debug_console.o
 .debug_info    0x000019e7      0xb05 ./utilities/fsl_str.o
 .debug_info    0x000024ec      0xdce ./startup/startup_mimxrt1052.o
 .debug_info    0x000032ba      0x904 ./source/iMX_RT1052_QSPI_Flash.o
 .debug_info    0x00003bbe       0x3c ./source/semihost_hardfault.o
 .debug_info    0x00003bfa     0x2559 ./drivers/fsl_clock.o
 .debug_info    0x00006153     0x2907 ./drivers/fsl_lpuart.o
 .debug_info    0x00008a5a      0xc53 ./device/system_MIMXRT1052.o
 .debug_info    0x000096ad      0xbb2 ./component/uart/fsl_adapter_lpuart.o
 .debug_info    0x0000a25f      0xcb0 ./component/serial_manager/fsl_component_serial_manager.o
 .debug_info    0x0000af0f      0x480 ./component/serial_manager/fsl_component_serial_port_uart.o
 .debug_info    0x0000b38f      0xf68 ./board/board.o
 .debug_info    0x0000c2f7     0x192f ./board/clock_config.o
 .debug_info    0x0000dc26       0x4e ./board/peripherals.o
 .debug_info    0x0000dc74       0xa9 ./board/pin_mux.o

.debug_abbrev   0x00000000     0x1ebc
 .debug_abbrev  0x00000000       0xe2 ./xip/fsl_flexspi_nor_boot.o
 .debug_abbrev  0x000000e2      0x10a ./xip/mimxrt1050_flexspi_nor_config.o
 .debug_abbrev  0x000001ec       0x6b ./utilities/fsl_assert.o
 .debug_abbrev  0x00000257      0x232 ./utilities/fsl_debug_console.o
 .debug_abbrev  0x00000489      0x233 ./utilities/fsl_str.o
 .debug_abbrev  0x000006bc      0x14a ./startup/startup_mimxrt1052.o
 .debug_abbrev  0x00000806      0x1da ./source/iMX_RT1052_QSPI_Flash.o
 .debug_abbrev  0x000009e0       0x31 ./source/semihost_hardfault.o
 .debug_abbrev  0x00000a11      0x348 ./drivers/fsl_clock.o
 .debug_abbrev  0x00000d59      0x475 ./drivers/fsl_lpuart.o
 .debug_abbrev  0x000011ce      0x16e ./device/system_MIMXRT1052.o
 .debug_abbrev  0x0000133c      0x1ba ./component/uart/fsl_adapter_lpuart.o
 .debug_abbrev  0x000014f6      0x299 ./component/serial_manager/fsl_component_serial_manager.o
 .debug_abbrev  0x0000178f      0x167 ./component/serial_manager/fsl_component_serial_port_uart.o
 .debug_abbrev  0x000018f6      0x274 ./board/board.o
 .debug_abbrev  0x00001b6a      0x2a6 ./board/clock_config.o
 .debug_abbrev  0x00001e10       0x4b ./board/peripherals.o
 .debug_abbrev  0x00001e5b       0x61 ./board/pin_mux.o

.debug_aranges  0x00000000      0xcf8
 .debug_aranges
                0x00000000       0x18 ./xip/fsl_flexspi_nor_boot.o
 .debug_aranges
                0x00000018       0x18 ./xip/mimxrt1050_flexspi_nor_config.o
 .debug_aranges
                0x00000030       0x20 ./utilities/fsl_assert.o
 .debug_aranges
                0x00000050       0xa8 ./utilities/fsl_debug_console.o
 .debug_aranges
                0x000000f8       0xb8 ./utilities/fsl_str.o
 .debug_aranges
                0x000001b0      0x540 ./startup/startup_mimxrt1052.o
 .debug_aranges
                0x000006f0       0x20 ./source/iMX_RT1052_QSPI_Flash.o
 .debug_aranges
                0x00000710       0x20 ./source/semihost_hardfault.o
 .debug_aranges
                0x00000730      0x1b0 ./drivers/fsl_clock.o
 .debug_aranges
                0x000008e0      0x188 ./drivers/fsl_lpuart.o
 .debug_aranges
                0x00000a68       0x30 ./device/system_MIMXRT1052.o
 .debug_aranges
                0x00000a98       0x58 ./component/uart/fsl_adapter_lpuart.o
 .debug_aranges
                0x00000af0       0xa0 ./component/serial_manager/fsl_component_serial_manager.o
 .debug_aranges
                0x00000b90       0x48 ./component/serial_manager/fsl_component_serial_port_uart.o
 .debug_aranges
                0x00000bd8       0x58 ./board/board.o
 .debug_aranges
                0x00000c30       0x78 ./board/clock_config.o
 .debug_aranges
                0x00000ca8       0x28 ./board/peripherals.o
 .debug_aranges
                0x00000cd0       0x28 ./board/pin_mux.o

.debug_macro    0x00000000    0x2f2e8
 .debug_macro   0x00000000      0x23b ./xip/fsl_flexspi_nor_boot.o
 .debug_macro   0x0000023b      0xaae ./xip/fsl_flexspi_nor_boot.o
 .debug_macro   0x00000ce9      0x34e ./xip/fsl_flexspi_nor_boot.o
 .debug_macro   0x00001037       0x22 ./xip/fsl_flexspi_nor_boot.o
 .debug_macro   0x00001059       0x4c ./xip/fsl_flexspi_nor_boot.o
 .debug_macro   0x000010a5       0x1e ./xip/fsl_flexspi_nor_boot.o
 .debug_macro   0x000010c3       0x94 ./xip/fsl_flexspi_nor_boot.o
 .debug_macro   0x00001157       0x3c ./xip/fsl_flexspi_nor_boot.o
 .debug_macro   0x00001193       0x34 ./xip/fsl_flexspi_nor_boot.o
 .debug_macro   0x000011c7       0x1c ./xip/fsl_flexspi_nor_boot.o
 .debug_macro   0x000011e3       0x22 ./xip/fsl_flexspi_nor_boot.o
 .debug_macro   0x00001205      0x174 ./xip/fsl_flexspi_nor_boot.o
 .debug_macro   0x00001379       0x16 ./xip/fsl_flexspi_nor_boot.o
 .debug_macro   0x0000138f       0x43 ./xip/fsl_flexspi_nor_boot.o
 .debug_macro   0x000013d2       0x57 ./xip/fsl_flexspi_nor_boot.o
 .debug_macro   0x00001429       0x34 ./xip/fsl_flexspi_nor_boot.o
 .debug_macro   0x0000145d       0x10 ./xip/fsl_flexspi_nor_boot.o
 .debug_macro   0x0000146d       0x58 ./xip/fsl_flexspi_nor_boot.o
 .debug_macro   0x000014c5       0x71 ./xip/fsl_flexspi_nor_boot.o
 .debug_macro   0x00001536       0x16 ./xip/fsl_flexspi_nor_boot.o
 .debug_macro   0x0000154c      0x12a ./xip/fsl_flexspi_nor_boot.o
 .debug_macro   0x00001676      0x341 ./xip/fsl_flexspi_nor_boot.o
 .debug_macro   0x000019b7       0x10 ./xip/fsl_flexspi_nor_boot.o
 .debug_macro   0x000019c7       0x35 ./xip/fsl_flexspi_nor_boot.o
 .debug_macro   0x000019fc       0x16 ./xip/fsl_flexspi_nor_boot.o
 .debug_macro   0x00001a12       0x16 ./xip/fsl_flexspi_nor_boot.o
 .debug_macro   0x00001a28       0x29 ./xip/fsl_flexspi_nor_boot.o
 .debug_macro   0x00001a51       0x10 ./xip/fsl_flexspi_nor_boot.o
 .debug_macro   0x00001a61       0x4d ./xip/fsl_flexspi_nor_boot.o
 .debug_macro   0x00001aae       0x1c ./xip/fsl_flexspi_nor_boot.o
 .debug_macro   0x00001aca       0x22 ./xip/fsl_flexspi_nor_boot.o
 .debug_macro   0x00001aec       0xfb ./xip/fsl_flexspi_nor_boot.o
 .debug_macro   0x00001be7     0x1313 ./xip/fsl_flexspi_nor_boot.o
 .debug_macro   0x00002efa      0x11f ./xip/fsl_flexspi_nor_boot.o
 .debug_macro   0x00003019       0x22 ./xip/fsl_flexspi_nor_boot.o
 .debug_macro   0x0000303b       0x22 ./xip/fsl_flexspi_nor_boot.o
 .debug_macro   0x0000305d    0x24b4f ./xip/fsl_flexspi_nor_boot.o
 .debug_macro   0x00027bac      0x86b ./xip/fsl_flexspi_nor_boot.o
 .debug_macro   0x00028417       0x7a ./xip/fsl_flexspi_nor_boot.o
 .debug_macro   0x00028491       0xaf ./xip/fsl_flexspi_nor_boot.o
 .debug_macro   0x00028540      0x24e ./xip/fsl_flexspi_nor_boot.o
 .debug_macro   0x0002878e      0x130 ./xip/fsl_flexspi_nor_boot.o
 .debug_macro   0x000288be       0x10 ./xip/fsl_flexspi_nor_boot.o
 .debug_macro   0x000288ce      0x1fb ./xip/fsl_flexspi_nor_boot.o
 .debug_macro   0x00028ac9       0x7c ./xip/fsl_flexspi_nor_boot.o
 .debug_macro   0x00028b45      0x216 ./xip/mimxrt1050_flexspi_nor_config.o
 .debug_macro   0x00028d5b      0x1a4 ./xip/mimxrt1050_flexspi_nor_config.o
 .debug_macro   0x00028eff      0x245 ./utilities/fsl_assert.o
 .debug_macro   0x00029144       0x70 ./utilities/fsl_assert.o
 .debug_macro   0x000291b4       0x46 ./utilities/fsl_assert.o
 .debug_macro   0x000291fa       0x16 ./utilities/fsl_assert.o
 .debug_macro   0x00029210       0x6d ./utilities/fsl_assert.o
 .debug_macro   0x0002927d       0x16 ./utilities/fsl_assert.o
 .debug_macro   0x00029293       0x58 ./utilities/fsl_assert.o
 .debug_macro   0x000292eb       0x1c ./utilities/fsl_assert.o
 .debug_macro   0x00029307      0x2aa ./utilities/fsl_debug_console.o
 .debug_macro   0x000295b1      0x10e ./utilities/fsl_debug_console.o
 .debug_macro   0x000296bf       0x8d ./utilities/fsl_debug_console.o
 .debug_macro   0x0002974c       0x16 ./utilities/fsl_debug_console.o
 .debug_macro   0x00029762       0x57 ./utilities/fsl_debug_console.o
 .debug_macro   0x000297b9       0x34 ./utilities/fsl_debug_console.o
 .debug_macro   0x000297ed      0x250 ./utilities/fsl_str.o
 .debug_macro   0x00029a3d      0x19b ./utilities/fsl_str.o
 .debug_macro   0x00029bd8       0x10 ./utilities/fsl_str.o
 .debug_macro   0x00029be8      0x241 ./utilities/fsl_str.o
 .debug_macro   0x00029e29       0x5d ./utilities/fsl_str.o
 .debug_macro   0x00029e86       0x2a ./startup/startup_mimxrt1052.o
 .debug_macro   0x00029eb0      0xb86 ./startup/startup_mimxrt1052.o
 .debug_macro   0x0002aa36      0x3a0 ./source/iMX_RT1052_QSPI_Flash.o
 .debug_macro   0x0002add6       0x16 ./source/iMX_RT1052_QSPI_Flash.o
 .debug_macro   0x0002adec       0x97 ./source/iMX_RT1052_QSPI_Flash.o
 .debug_macro   0x0002ae83      0x104 ./source/iMX_RT1052_QSPI_Flash.o
 .debug_macro   0x0002af87       0x10 ./source/iMX_RT1052_QSPI_Flash.o
 .debug_macro   0x0002af97       0x10 ./source/iMX_RT1052_QSPI_Flash.o
 .debug_macro   0x0002afa7       0x6a ./source/iMX_RT1052_QSPI_Flash.o
 .debug_macro   0x0002b011       0x1c ./source/iMX_RT1052_QSPI_Flash.o
 .debug_macro   0x0002b02d       0x52 ./source/iMX_RT1052_QSPI_Flash.o
 .debug_macro   0x0002b07f       0x22 ./source/iMX_RT1052_QSPI_Flash.o
 .debug_macro   0x0002b0a1       0x10 ./source/iMX_RT1052_QSPI_Flash.o
 .debug_macro   0x0002b0b1       0x52 ./source/iMX_RT1052_QSPI_Flash.o
 .debug_macro   0x0002b103       0xd5 ./source/iMX_RT1052_QSPI_Flash.o
 .debug_macro   0x0002b1d8       0x1c ./source/iMX_RT1052_QSPI_Flash.o
 .debug_macro   0x0002b1f4       0x3d ./source/iMX_RT1052_QSPI_Flash.o
 .debug_macro   0x0002b231       0x16 ./source/iMX_RT1052_QSPI_Flash.o
 .debug_macro   0x0002b247      0x137 ./source/iMX_RT1052_QSPI_Flash.o
 .debug_macro   0x0002b37e       0x10 ./source/iMX_RT1052_QSPI_Flash.o
 .debug_macro   0x0002b38e       0x16 ./source/iMX_RT1052_QSPI_Flash.o
 .debug_macro   0x0002b3a4       0x35 ./source/iMX_RT1052_QSPI_Flash.o
 .debug_macro   0x0002b3d9     0x1313 ./source/iMX_RT1052_QSPI_Flash.o
 .debug_macro   0x0002c6ec      0x12a ./source/iMX_RT1052_QSPI_Flash.o
 .debug_macro   0x0002c816       0x4c ./source/iMX_RT1052_QSPI_Flash.o
 .debug_macro   0x0002c862       0x11 ./source/semihost_hardfault.o
 .debug_macro   0x0002c873      0x207 ./drivers/fsl_clock.o
 .debug_macro   0x0002ca7a      0x216 ./drivers/fsl_lpuart.o
 .debug_macro   0x0002cc90       0x10 ./drivers/fsl_lpuart.o
 .debug_macro   0x0002cca0       0x9b ./device/system_MIMXRT1052.o
 .debug_macro   0x0002cd3b      0x22f ./component/uart/fsl_adapter_lpuart.o
 .debug_macro   0x0002cf6a       0x40 ./component/uart/fsl_adapter_lpuart.o
 .debug_macro   0x0002cfaa      0x27a ./component/serial_manager/fsl_component_serial_manager.o
 .debug_macro   0x0002d224       0x6a ./component/serial_manager/fsl_component_serial_manager.o
 .debug_macro   0x0002d28e      0x244 ./component/serial_manager/fsl_component_serial_port_uart.o
 .debug_macro   0x0002d4d2      0x273 ./board/board.o
 .debug_macro   0x0002d745     0x1764 ./board/board.o
 .debug_macro   0x0002eea9      0x219 ./board/clock_config.o
 .debug_macro   0x0002f0c2       0x1b ./board/peripherals.o
 .debug_macro   0x0002f0dd      0x20b ./board/pin_mux.o

.debug_line     0x00000000     0xa6fc
 .debug_line    0x00000000      0x619 ./xip/fsl_flexspi_nor_boot.o
 .debug_line    0x00000619      0x5fe ./xip/mimxrt1050_flexspi_nor_config.o
 .debug_line    0x00000c17      0x6bc ./utilities/fsl_assert.o
 .debug_line    0x000012d3      0xacd ./utilities/fsl_debug_console.o
 .debug_line    0x00001da0      0xd67 ./utilities/fsl_str.o
 .debug_line    0x00002b07      0xf4c ./startup/startup_mimxrt1052.o
 .debug_line    0x00003a53      0xa73 ./source/iMX_RT1052_QSPI_Flash.o
 .debug_line    0x000044c6       0x59 ./source/semihost_hardfault.o
 .debug_line    0x0000451f     0x13be ./drivers/fsl_clock.o
 .debug_line    0x000058dd     0x1653 ./drivers/fsl_lpuart.o
 .debug_line    0x00006f30      0x44c ./device/system_MIMXRT1052.o
 .debug_line    0x0000737c      0x77c ./component/uart/fsl_adapter_lpuart.o
 .debug_line    0x00007af8      0xa06 ./component/serial_manager/fsl_component_serial_manager.o
 .debug_line    0x000084fe      0x7a5 ./component/serial_manager/fsl_component_serial_port_uart.o
 .debug_line    0x00008ca3      0xad0 ./board/board.o
 .debug_line    0x00009773      0x94d ./board/clock_config.o
 .debug_line    0x0000a0c0       0x71 ./board/peripherals.o
 .debug_line    0x0000a131      0x5cb ./board/pin_mux.o

.debug_str      0x00000000   0x160be2
 .debug_str     0x00000000   0x144ed9 ./xip/fsl_flexspi_nor_boot.o
                             0x14510a (size before relaxing)
 .debug_str     0x00144ed9      0xe80 ./xip/mimxrt1050_flexspi_nor_config.o
                             0x1445da (size before relaxing)
 .debug_str     0x00145d59      0xbf1 ./utilities/fsl_assert.o
                             0x143a28 (size before relaxing)
 .debug_str     0x0014694a      0xc61 ./utilities/fsl_debug_console.o
                             0x145052 (size before relaxing)
 .debug_str     0x001475ab     0x1007 ./utilities/fsl_str.o
                             0x14417e (size before relaxing)
 .debug_str     0x001485b2     0x13d7 ./startup/startup_mimxrt1052.o
                               0x3fea (size before relaxing)
 .debug_str     0x00149989     0x2a92 ./source/iMX_RT1052_QSPI_Flash.o
                             0x147e12 (size before relaxing)
 .debug_str     0x0014c41b       0x1f ./source/semihost_hardfault.o
                               0x2dc7 (size before relaxing)
 .debug_str     0x0014c43a     0x1a62 ./drivers/fsl_clock.o
                             0x1452ad (size before relaxing)
 .debug_str     0x0014de9c     0x21e6 ./drivers/fsl_lpuart.o
                             0x145c05 (size before relaxing)
 .debug_str     0x00150082      0x1f3 ./device/system_MIMXRT1052.o
                             0x13d05e (size before relaxing)
 .debug_str     0x00150275      0x360 ./component/uart/fsl_adapter_lpuart.o
                             0x1441fb (size before relaxing)
 .debug_str     0x001505d5      0x52a ./component/serial_manager/fsl_component_serial_manager.o
                             0x144ace (size before relaxing)
 .debug_str     0x00150aff      0x106 ./component/serial_manager/fsl_component_serial_port_uart.o
                             0x143cff (size before relaxing)
 .debug_str     0x00150c05     0xfb7c ./board/board.o
                             0x1553f5 (size before relaxing)
 .debug_str     0x00160781      0x3e5 ./board/clock_config.o
                             0x154ef6 (size before relaxing)
 .debug_str     0x00160b66       0x47 ./board/peripherals.o
                               0x2dee (size before relaxing)
 .debug_str     0x00160bad       0x35 ./board/pin_mux.o
                             0x142e41 (size before relaxing)

.comment        0x00000000       0x49
 .comment       0x00000000       0x49 ./xip/fsl_flexspi_nor_boot.o
                                 0x4a (size before relaxing)
 .comment       0x00000049       0x4a ./xip/mimxrt1050_flexspi_nor_config.o
 .comment       0x00000049       0x4a ./utilities/fsl_assert.o
 .comment       0x00000049       0x4a ./utilities/fsl_debug_console.o
 .comment       0x00000049       0x4a ./utilities/fsl_str.o
 .comment       0x00000049       0x4a ./startup/startup_mimxrt1052.o
 .comment       0x00000049       0x4a ./source/iMX_RT1052_QSPI_Flash.o
 .comment       0x00000049       0x4a ./source/semihost_hardfault.o
 .comment       0x00000049       0x4a ./drivers/fsl_clock.o
 .comment       0x00000049       0x4a ./drivers/fsl_lpuart.o
 .comment       0x00000049       0x4a ./device/system_MIMXRT1052.o
 .comment       0x00000049       0x4a ./component/uart/fsl_adapter_lpuart.o
 .comment       0x00000049       0x4a ./component/serial_manager/fsl_component_serial_manager.o
 .comment       0x00000049       0x4a ./component/serial_manager/fsl_component_serial_port_uart.o
 .comment       0x00000049       0x4a ./board/board.o
 .comment       0x00000049       0x4a ./board/clock_config.o
 .comment       0x00000049       0x4a ./board/peripherals.o
 .comment       0x00000049       0x4a ./board/pin_mux.o

.ARM.attributes
                0x00000000       0x32
 .ARM.attributes
                0x00000000       0x34 ./xip/fsl_flexspi_nor_boot.o
 .ARM.attributes
                0x00000034       0x34 ./xip/mimxrt1050_flexspi_nor_config.o
 .ARM.attributes
                0x00000068       0x34 ./utilities/fsl_assert.o
 .ARM.attributes
                0x0000009c       0x34 ./utilities/fsl_debug_console.o
 .ARM.attributes
                0x000000d0       0x34 ./utilities/fsl_str.o
 .ARM.attributes
                0x00000104       0x34 ./startup/startup_mimxrt1052.o
 .ARM.attributes
                0x00000138       0x34 ./source/iMX_RT1052_QSPI_Flash.o
 .ARM.attributes
                0x0000016c       0x34 ./source/semihost_hardfault.o
 .ARM.attributes
                0x000001a0       0x34 ./drivers/fsl_clock.o
 .ARM.attributes
                0x000001d4       0x34 ./drivers/fsl_lpuart.o
 .ARM.attributes
                0x00000208       0x34 ./device/system_MIMXRT1052.o
 .ARM.attributes
                0x0000023c       0x34 ./component/uart/fsl_adapter_lpuart.o
 .ARM.attributes
                0x00000270       0x34 ./component/serial_manager/fsl_component_serial_manager.o
 .ARM.attributes
                0x000002a4       0x34 ./component/serial_manager/fsl_component_serial_port_uart.o
 .ARM.attributes
                0x000002d8       0x34 ./board/board.o
 .ARM.attributes
                0x0000030c       0x34 ./board/clock_config.o
 .ARM.attributes
                0x00000340       0x34 ./board/peripherals.o
 .ARM.attributes
                0x00000374       0x34 ./board/pin_mux.o
 .ARM.attributes
                0x000003a8       0x1e c:/nxp/mcuxpressoide_11.6.0_8187/ide/plugins/com.nxp.mcuxpresso.tools.win32_11.6.0.202112161359/tools/bin/../lib/gcc/arm-none-eabi/10.3.1/thumb/v7e-m+fp/hard\libgcc.a(_aeabi_uldivmod.o)
 .ARM.attributes
                0x000003c6       0x34 c:/nxp/mcuxpressoide_11.6.0_8187/ide/plugins/com.nxp.mcuxpresso.tools.win32_11.6.0.202112161359/tools/bin/../lib/gcc/arm-none-eabi/10.3.1/thumb/v7e-m+fp/hard\libgcc.a(_udivmoddi4.o)
 .ARM.attributes
                0x000003fa       0x1e c:/nxp/mcuxpressoide_11.6.0_8187/ide/plugins/com.nxp.mcuxpresso.tools.win32_11.6.0.202112161359/tools/bin/../lib/gcc/arm-none-eabi/10.3.1/thumb/v7e-m+fp/hard\libgcc.a(_dvmd_tls.o)
 .ARM.attributes
                0x00000418       0x34 c:/nxp/mcuxpressoide_11.6.0_8187/ide/plugins/com.nxp.mcuxpresso.tools.win32_11.6.0.202112161359/tools/bin/../lib/gcc/arm-none-eabi/10.3.1/../../../../arm-none-eabi/lib/thumb/v7e-m+fp/hard\libc_nano.a(lib_a-init.o)
 .ARM.attributes
                0x0000044c       0x34 c:/nxp/mcuxpressoide_11.6.0_8187/ide/plugins/com.nxp.mcuxpresso.tools.win32_11.6.0.202112161359/tools/bin/../lib/gcc/arm-none-eabi/10.3.1/../../../../arm-none-eabi/lib/thumb/v7e-m+fp/hard\libc_nano.a(lib_a-memcpy-stub.o)
 .ARM.attributes
                0x00000480       0x34 c:/nxp/mcuxpressoide_11.6.0_8187/ide/plugins/com.nxp.mcuxpresso.tools.win32_11.6.0.202112161359/tools/bin/../lib/gcc/arm-none-eabi/10.3.1/../../../../arm-none-eabi/lib/thumb/v7e-m+fp/hard\libc_nano.a(lib_a-memset.o)
 .ARM.attributes
                0x000004b4       0x17 c:/nxp/mcuxpressoide_11.6.0_8187/ide/plugins/com.nxp.mcuxpresso.tools.win32_11.6.0.202112161359/tools/bin/../lib/gcc/arm-none-eabi/10.3.1/../../../../arm-none-eabi/lib/thumb/v7e-m+fp/hard\libc_nano.a(lib_a-strlen.o)
 .ARM.attributes
                0x000004cb       0x1e c:/nxp/mcuxpressoide_11.6.0_8187/ide/plugins/com.nxp.mcuxpresso.tools.win32_11.6.0.202112161359/tools/bin/../lib/gcc/arm-none-eabi/10.3.1/thumb/v7e-m+fp/hard\crti.o
 .ARM.attributes
                0x000004e9       0x1e c:/nxp/mcuxpressoide_11.6.0_8187/ide/plugins/com.nxp.mcuxpresso.tools.win32_11.6.0.202112161359/tools/bin/../lib/gcc/arm-none-eabi/10.3.1/thumb/v7e-m+fp/hard\crtn.o
 .ARM.attributes
                0x00000507       0x34 c:/nxp/mcuxpressoide_11.6.0_8187/ide/plugins/com.nxp.mcuxpresso.tools.win32_11.6.0.202112161359/tools/bin/../lib/gcc/arm-none-eabi/10.3.1/thumb/v7e-m+fp/hard\crtbegin.o

.debug_ranges   0x00000000      0xbf8
 .debug_ranges  0x00000000       0x10 ./utilities/fsl_assert.o
 .debug_ranges  0x00000010       0x98 ./utilities/fsl_debug_console.o
 .debug_ranges  0x000000a8       0xd8 ./utilities/fsl_str.o
 .debug_ranges  0x00000180      0x530 ./startup/startup_mimxrt1052.o
 .debug_ranges  0x000006b0       0x10 ./source/iMX_RT1052_QSPI_Flash.o
 .debug_ranges  0x000006c0       0x10 ./source/semihost_hardfault.o
 .debug_ranges  0x000006d0      0x1a0 ./drivers/fsl_clock.o
 .debug_ranges  0x00000870      0x178 ./drivers/fsl_lpuart.o
 .debug_ranges  0x000009e8       0x20 ./device/system_MIMXRT1052.o
 .debug_ranges  0x00000a08       0x48 ./component/uart/fsl_adapter_lpuart.o
 .debug_ranges  0x00000a50       0x90 ./component/serial_manager/fsl_component_serial_manager.o
 .debug_ranges  0x00000ae0       0x38 ./component/serial_manager/fsl_component_serial_port_uart.o
 .debug_ranges  0x00000b18       0x48 ./board/board.o
 .debug_ranges  0x00000b60       0x68 ./board/clock_config.o
 .debug_ranges  0x00000bc8       0x18 ./board/peripherals.o
 .debug_ranges  0x00000be0       0x18 ./board/pin_mux.o

.debug_frame    0x00000000     0x2d04
 .debug_frame   0x00000000       0x30 ./utilities/fsl_assert.o
 .debug_frame   0x00000030      0x2d4 ./utilities/fsl_debug_console.o
 .debug_frame   0x00000304      0x32c ./utilities/fsl_str.o
 .debug_frame   0x00000630      0xf2c ./startup/startup_mimxrt1052.o
 .debug_frame   0x0000155c       0x2c ./source/iMX_RT1052_QSPI_Flash.o
 .debug_frame   0x00001588       0x20 ./source/semihost_hardfault.o
 .debug_frame   0x000015a8      0x754 ./drivers/fsl_clock.o
 .debug_frame   0x00001cfc      0x67c ./drivers/fsl_lpuart.o
 .debug_frame   0x00002378       0x7c ./device/system_MIMXRT1052.o
 .debug_frame   0x000023f4      0x138 ./component/uart/fsl_adapter_lpuart.o
 .debug_frame   0x0000252c      0x280 ./component/serial_manager/fsl_component_serial_manager.o
 .debug_frame   0x000027ac       0xe8 ./component/serial_manager/fsl_component_serial_port_uart.o
 .debug_frame   0x00002894      0x13c ./board/board.o
 .debug_frame   0x000029d0      0x1c8 ./board/clock_config.o
 .debug_frame   0x00002b98       0x4c ./board/peripherals.o
 .debug_frame   0x00002be4       0x4c ./board/pin_mux.o
 .debug_frame   0x00002c30       0x2c c:/nxp/mcuxpressoide_11.6.0_8187/ide/plugins/com.nxp.mcuxpresso.tools.win32_11.6.0.202112161359/tools/bin/../lib/gcc/arm-none-eabi/10.3.1/thumb/v7e-m+fp/hard\libgcc.a(_aeabi_uldivmod.o)
 .debug_frame   0x00002c5c       0x34 c:/nxp/mcuxpressoide_11.6.0_8187/ide/plugins/com.nxp.mcuxpresso.tools.win32_11.6.0.202112161359/tools/bin/../lib/gcc/arm-none-eabi/10.3.1/thumb/v7e-m+fp/hard\libgcc.a(_udivmoddi4.o)